Feb 15 15:09:00 manjaroSurf wpa_supplicant[629]: wlp2s0: CTRL-EVENT-DISCONNECTED bssid=64:a2:f9:eb:e3:e4 reason=0
Feb 15 15:09:00 manjaroSurf kernel: mwifiex_pcie 0000:02:00.0: info: successfully disconnected from 64:a2:f9:eb:e3:e4: reason code 0
Feb 15 15:09:01 manjaroSurf wpa_supplicant[629]: wlp2s0: CTRL-EVENT-REGDOM-CHANGE init=CORE type=WORLD
Feb 15 15:09:01 manjaroSurf NetworkManager[311]: <info>  [1550239741.8234] device (wlp2s0): supplicant interface state: completed -> scanning
Feb 15 15:09:03 manjaroSurf ntpd[343]: Deleting interface #4 wlp2s0, 192.168.43.31#123, interface stats: received=0, sent=0, dropped=0, active_time=8 secs
Feb 15 15:09:03 manjaroSurf ntpd[343]: Deleting interface #6 wlp2s0, fe80::cbf9:a87f:5c0:e272%2#123, interface stats: received=0, sent=0, dropped=0, active_time=6 secs
Feb 15 15:09:04 manjaroSurf systemd-resolved[303]: DNSSEC validation failed for question archlinux.org IN DS: failed-auxiliary
Feb 15 15:09:04 manjaroSurf systemd-resolved[303]: DNSSEC validation failed for question www.archlinux.org IN A: failed-auxiliary
Feb 15 15:09:04 manjaroSurf wpa_supplicant[629]: wlp2s0: Trying to associate with 64:a2:f9:eb:e3:e4 (SSID='AndroidAPq' freq=2412 MHz)
Feb 15 15:09:04 manjaroSurf kernel: mwifiex_pcie 0000:02:00.0: info: trying to associate to 'AndroidAPq' bssid 64:a2:f9:eb:e3:e4
Feb 15 15:09:05 manjaroSurf kernel: mwifiex_pcie 0000:02:00.0: ASSOC_RESP: failed,        status code=2 err=0xfffc a_id=0x3fff
Feb 15 15:09:05 manjaroSurf kernel: mwifiex_pcie 0000:02:00.0: assoc failure: reason CONNECT_ERR_ASSOC_ERR_TIMEOUT
Feb 15 15:09:05 manjaroSurf kernel: mwifiex_pcie 0000:02:00.0: ASSOC_RESP: AUTH timeout
Feb 15 15:09:05 manjaroSurf kernel: mwifiex_pcie 0000:02:00.0: info: association to bssid 64:a2:f9:eb:e3:e4 failed
Feb 15 15:09:05 manjaroSurf NetworkManager[311]: <info>  [1550239745.8002] device (wlp2s0): supplicant interface state: scanning -> associating
Feb 15 15:09:05 manjaroSurf wpa_supplicant[629]: wlp2s0: CTRL-EVENT-ASSOC-REJECT bssid=00:00:00:00:00:00 status_code=16
Feb 15 15:09:05 manjaroSurf NetworkManager[311]: <info>  [1550239745.8256] device (wlp2s0): supplicant interface state: associating -> disconnected
Feb 15 15:09:06 manjaroSurf NetworkManager[311]: <info>  [1550239746.3058] device (wlp2s0): supplicant interface state: disconnected -> scanning
Feb 15 15:09:09 manjaroSurf wpa_supplicant[629]: wlp2s0: Trying to associate with 64:a2:f9:eb:e3:e4 (SSID='AndroidAPq' freq=2442 MHz)
Feb 15 15:09:09 manjaroSurf kernel: mwifiex_pcie 0000:02:00.0: info: trying to associate to 'AndroidAPq' bssid 64:a2:f9:eb:e3:e4
Feb 15 15:09:10 manjaroSurf kernel: mwifiex_pcie 0000:02:00.0: ASSOC_RESP: failed,        status code=2 err=0xfffc a_id=0x3fff
Feb 15 15:09:10 manjaroSurf kernel: mwifiex_pcie 0000:02:00.0: assoc failure: reason CONNECT_ERR_ASSOC_ERR_TIMEOUT
Feb 15 15:09:10 manjaroSurf kernel: mwifiex_pcie 0000:02:00.0: ASSOC_RESP: AUTH timeout
Feb 15 15:09:10 manjaroSurf kernel: mwifiex_pcie 0000:02:00.0: info: association to bssid 64:a2:f9:eb:e3:e4 failed
Feb 15 15:09:10 manjaroSurf NetworkManager[311]: <info>  [1550239750.3117] device (wlp2s0): supplicant interface state: scanning -> associating
Feb 15 15:09:10 manjaroSurf wpa_supplicant[629]: wlp2s0: CTRL-EVENT-ASSOC-REJECT bssid=00:00:00:00:00:00 status_code=16
Feb 15 15:09:10 manjaroSurf NetworkManager[311]: <info>  [1550239750.3935] device (wlp2s0): supplicant interface state: associating -> disconnected
Feb 15 15:09:11 manjaroSurf NetworkManager[311]: <info>  [1550239751.3280] device (wlp2s0): supplicant interface state: disconnected -> scanning
Feb 15 15:09:14 manjaroSurf wpa_supplicant[629]: wlp2s0: Trying to associate with 64:a2:f9:eb:e3:e4 (SSID='AndroidAPq' freq=2442 MHz)
Feb 15 15:09:14 manjaroSurf kernel: mwifiex_pcie 0000:02:00.0: info: trying to associate to 'AndroidAPq' bssid 64:a2:f9:eb:e3:e4
Feb 15 15:09:14 manjaroSurf kernel: mwifiex_pcie 0000:02:00.0: info: associated to bssid 64:a2:f9:eb:e3:e4 successfully
Feb 15 15:09:14 manjaroSurf NetworkManager[311]: <info>  [1550239754.3707] device (wlp2s0): supplicant interface state: scanning -> associating
Feb 15 15:09:14 manjaroSurf wpa_supplicant[629]: wlp2s0: Associated with 64:a2:f9:eb:e3:e4
Feb 15 15:09:14 manjaroSurf wpa_supplicant[629]: WMM AC: Missing IEs
Feb 15 15:09:14 manjaroSurf wpa_supplicant[629]: wlp2s0: CTRL-EVENT-SUBNET-STATUS-UPDATE status=0
Feb 15 15:09:14 manjaroSurf wpa_supplicant[629]: wlp2s0: WPA: Key negotiation completed with 64:a2:f9:eb:e3:e4 [PTK=CCMP GTK=CCMP]
Feb 15 15:09:14 manjaroSurf wpa_supplicant[629]: wlp2s0: CTRL-EVENT-CONNECTED - Connection to 64:a2:f9:eb:e3:e4 completed [id=0 id_str=]
Feb 15 15:09:14 manjaroSurf NetworkManager[311]: <info>  [1550239754.4347] device (wlp2s0): supplicant interface state: associating -> associated
Feb 15 15:09:14 manjaroSurf NetworkManager[311]: <info>  [1550239754.4382] device (wlp2s0): supplicant interface state: associated -> 4-way handshake
Feb 15 15:09:14 manjaroSurf NetworkManager[311]: <info>  [1550239754.4383] device (wlp2s0): supplicant interface state: 4-way handshake -> completed
Feb 15 15:09:14 manjaroSurf wpa_supplicant[629]: wlp2s0: CTRL-EVENT-SIGNAL-CHANGE above=1 signal=-34 noise=9999 txrate=130000
Feb 15 15:09:16 manjaroSurf ntpd[343]: Listen normally on 7 wlp2s0 192.168.43.31:123
Feb 15 15:09:16 manjaroSurf ntpd[343]: Listen normally on 8 wlp2s0 [fe80::cbf9:a87f:5c0:e272%2]:123
Feb 15 15:09:16 manjaroSurf ntpd[343]: new interface(s) found: waking up resolver
Feb 15 15:09:17 manjaroSurf systemd-resolved[303]: DNSSEC trust anchor . IN DS 19036 8 2 49aac11d7b6f6446702e54a1607371607a1a41855200fd2ce1cdde32f24e8fb5 has been revoked.
Feb 15 15:09:25 manjaroSurf NetworkManager[311]: <info>  [1550239765.2738] manager: NetworkManager state is now CONNECTED_GLOBAL
Feb 15 15:09:25 manjaroSurf dbus-daemon[308]: [system] Activating via systemd: service name='org.freedesktop.nm_dispatcher' unit='dbus-org.freedesktop.nm-dispatcher.service' requested by ':1.5' (uid=0 pid=311 comm="/usr/bin/NetworkManager --no-daemon ")
Feb 15 15:09:25 manjaroSurf systemd[1]: Starting Network Manager Script Dispatcher Service...
Feb 15 15:09:25 manjaroSurf dbus-daemon[308]: [system] Successfully activated service 'org.freedesktop.nm_dispatcher'
Feb 15 15:09:25 manjaroSurf systemd[1]: Started Network Manager Script Dispatcher Service.
Feb 15 15:09:25 manjaroSurf nm-dispatcher[2221]: req:1 'connectivity-change': new request (0 scripts)
Feb 15 15:09:25 manjaroSurf nm-dispatcher[2221]: req:1 'connectivity-change': completed: no scripts
Feb 15 15:09:46 manjaroSurf sudo[2338]: bunibun : TTY=pts/0 ; PWD=/home/bunibun ; USER=root ; COMMAND=/bin/vim /etc/resolv.conf
Feb 15 15:09:46 manjaroSurf sudo[2338]: pam_unix(sudo:session): session opened for user root by (uid=0)
Feb 15 15:10:15 manjaroSurf sudo[2338]: pam_unix(sudo:session): session closed for user root
Feb 15 15:10:18 manjaroSurf sudo[2455]: bunibun : TTY=pts/0 ; PWD=/home/bunibun ; USER=root ; COMMAND=/bin/vim /etc/resolv.conf
Feb 15 15:10:18 manjaroSurf sudo[2455]: pam_unix(sudo:session): session opened for user root by (uid=0)
Feb 15 15:10:22 manjaroSurf sudo[2455]: pam_unix(sudo:session): session closed for user root
Feb 15 15:10:58 manjaroSurf dbus-daemon[308]: [system] Activating via systemd: service name='org.freedesktop.UPower' unit='upower.service' requested by ':1.269' (uid=1000 pid=2569 comm="/opt/google/chrome/chrome        ")
Feb 15 15:10:58 manjaroSurf systemd[1]: Starting Daemon for power management...
Feb 15 15:10:59 manjaroSurf dbus-daemon[308]: [system] Successfully activated service 'org.freedesktop.UPower'
Feb 15 15:10:59 manjaroSurf systemd[1]: Started Daemon for power management.
Feb 15 15:19:45 manjaroSurf avahi-daemon[313]: Leaving mDNS multicast group on interface wlp2s0.IPv6 with address fe80::cbf9:a87f:5c0:e272.
Feb 15 15:19:45 manjaroSurf avahi-daemon[313]: Joining mDNS multicast group on interface wlp2s0.IPv6 with address 2a00:801:3c7:89a7:26e0:3286:e5c0:3dcf.
Feb 15 15:19:45 manjaroSurf NetworkManager[311]: <info>  [1550240385.2428] policy: set 'AndroidAPq' (wlp2s0) as default for IPv6 routing and DNS
Feb 15 15:19:45 manjaroSurf avahi-daemon[313]: Registering new address record for 2a00:801:3c7:89a7:26e0:3286:e5c0:3dcf on wlp2s0.*.
Feb 15 15:19:45 manjaroSurf avahi-daemon[313]: Withdrawing address record for fe80::cbf9:a87f:5c0:e272 on wlp2s0.
Feb 15 15:19:48 manjaroSurf ntpd[343]: Listen normally on 9 wlp2s0 [2a00:801:3c7:89a7:26e0:3286:e5c0:3dcf]:123
Feb 15 15:19:48 manjaroSurf ntpd[343]: new interface(s) found: waking up resolver
Feb 15 15:20:04 manjaroSurf systemd-resolved[303]: Using degraded feature set (UDP) for DNS server 2a00:801:3c7:89a7::c9.
Feb 15 15:20:04 manjaroSurf systemd-resolved[303]: Server 2a00:801:3c7:89a7::c9 does not support DNSSEC, downgrading to non-DNSSEC mode.
Feb 15 15:20:08 manjaroSurf systemd-logind[309]: System is powering down.
Feb 15 15:20:08 manjaroSurf systemd[1]: user-runtime-dir@1000.service: Unit not needed anymore. Stopping.
Feb 15 15:20:08 manjaroSurf systemd[1]: Stopping User Manager for UID 1000...
Feb 15 15:20:08 manjaroSurf systemd[1]: Stopping RealtimeKit Scheduling Policy Service...
Feb 15 15:20:08 manjaroSurf systemd[1]: Stopping Disk Manager...
Feb 15 15:20:08 manjaroSurf systemd[1]: Stopping Session c2 of user bunibun.
Feb 15 15:20:08 manjaroSurf systemd[1]: Stopped target Timers.
Feb 15 15:20:08 manjaroSurf systemd[1]: Stopped Daily rotation of log files.
Feb 15 15:20:08 manjaroSurf systemd[1]: Stopped target Sound Card.
Feb 15 15:20:08 manjaroSurf systemd[1]: Stopping Authorization Manager...
Feb 15 15:20:08 manjaroSurf systemd[1]: Removed slice system-getty.slice.
Feb 15 15:20:08 manjaroSurf systemd[1]: Stopped Daily verification of password and group files.
Feb 15 15:20:08 manjaroSurf systemd[1]: Stopped target Bluetooth.
Feb 15 15:20:08 manjaroSurf systemd[676]: Stopping Virtual filesystem service - Media Transfer Protocol monitor...
Feb 15 15:20:08 manjaroSurf systemd[676]: Stopping Accessibility services bus...
Feb 15 15:20:08 manjaroSurf systemd[676]: Stopping Sound Service...
Feb 15 15:20:08 manjaroSurf sddm[646]: Authentication error: "Process crashed"
Feb 15 15:20:08 manjaroSurf sddm[646]: Auth: sddm-helper crashed (exit code 15)
Feb 15 15:20:08 manjaroSurf sddm[646]: Authentication error: "Process crashed"
Feb 15 15:20:08 manjaroSurf sddm[646]: Auth: sddm-helper exited with 15
Feb 15 15:20:08 manjaroSurf systemd[676]: Stopping Virtual filesystem service - Apple File Conduit monitor...
Feb 15 15:20:08 manjaroSurf sddm[646]: Socket server stopping...
Feb 15 15:20:08 manjaroSurf sddm[646]: Socket server stopped.
Feb 15 15:20:08 manjaroSurf sddm[646]: Display server stopping...
Feb 15 15:20:08 manjaroSurf systemd[676]: Stopping D-Bus User Message Bus...
Feb 15 15:20:08 manjaroSurf systemd[676]: Stopping Virtual filesystem service - digital camera monitor...
Feb 15 15:20:08 manjaroSurf systemd[676]: Stopped target Default.
Feb 15 15:20:08 manjaroSurf systemd[676]: Stopping Virtual filesystem service - disk device monitor...
Feb 15 15:20:08 manjaroSurf udisksd[1797]: udisks daemon version 2.8.1 exiting
Feb 15 15:20:08 manjaroSurf systemd[1]: Starting Generate shutdown-ramfs...
Feb 15 15:20:08 manjaroSurf systemd[676]: Stopping Virtual filesystem service...
Feb 15 15:20:08 manjaroSurf systemd[1]: Closed LVM2 poll daemon socket.
Feb 15 15:20:08 manjaroSurf systemd[1]: Stopped target Graphical Interface.
Feb 15 15:20:08 manjaroSurf systemd[1]: Stopping Simple Desktop Display Manager...
Feb 15 15:20:08 manjaroSurf systemd[1]: Stopping TLP system startup/shutdown...
Feb 15 15:20:08 manjaroSurf systemd[1]: Closed Load/Save RF Kill Switch Status /dev/rfkill Watch.
Feb 15 15:20:08 manjaroSurf systemd[1]: Stopped Daily Cleanup of Temporary Directories.
Feb 15 15:20:08 manjaroSurf systemd[1]: Stopping Daemon for power management...
Feb 15 15:20:08 manjaroSurf systemd[1]: Removed slice system-systemd\x2dcoredump.slice.
Feb 15 15:20:08 manjaroSurf systemd[676]: Stopped Accessibility services bus.
Feb 15 15:20:08 manjaroSurf systemd[676]: Stopped Virtual filesystem service - disk device monitor.
Feb 15 15:20:08 manjaroSurf systemd[676]: Stopped Virtual filesystem service - digital camera monitor.
Feb 15 15:20:08 manjaroSurf systemd[676]: Stopped Virtual filesystem service - Apple File Conduit monitor.
Feb 15 15:20:08 manjaroSurf systemd[1]: Unmounted /run/user/1000/gvfs.
Feb 15 15:20:08 manjaroSurf systemd[676]: Stopped Virtual filesystem service - Media Transfer Protocol monitor.
Feb 15 15:20:08 manjaroSurf systemd[676]: Stopped Virtual filesystem service.
Feb 15 15:20:08 manjaroSurf systemd[1]: Stopped Authorization Manager.
Feb 15 15:20:08 manjaroSurf systemd[1]: Stopped RealtimeKit Scheduling Policy Service.
Feb 15 15:20:08 manjaroSurf systemd[1]: Stopped Disk Manager.
Feb 15 15:20:08 manjaroSurf systemd[1]: Stopped Daemon for power management.
Feb 15 15:20:08 manjaroSurf systemd[676]: Stopped D-Bus User Message Bus.
Feb 15 15:20:08 manjaroSurf systemd[1]: Stopped Session c2 of user bunibun.
Feb 15 15:20:08 manjaroSurf dbus-daemon[308]: [system] Activating via systemd: service name='org.freedesktop.PolicyKit1' unit='polkit.service' requested by ':1.5' (uid=0 pid=311 comm="/usr/bin/NetworkManager --no-daemon ")
Feb 15 15:20:08 manjaroSurf systemd-logind[309]: Session c2 logged out. Waiting for processes to exit.
Feb 15 15:20:08 manjaroSurf dbus-daemon[308]: [system] Activation via systemd failed for unit 'polkit.service': Refusing activation, D-Bus is shutting down.
Feb 15 15:20:08 manjaroSurf NetworkManager[311]: <info>  [1550240408.3844] device (wlp2s0): state change: activated -> deactivating (reason 'connection-removed', sys-iface-state: 'managed')
Feb 15 15:20:08 manjaroSurf bluetoothd[620]: Endpoint unregistered: sender=:1.67 path=/MediaEndpoint/A2DPSource
Feb 15 15:20:08 manjaroSurf bluetoothd[620]: Endpoint unregistered: sender=:1.67 path=/MediaEndpoint/A2DPSink
Feb 15 15:20:08 manjaroSurf NetworkManager[311]: <info>  [1550240408.3879] manager: NetworkManager state is now DISCONNECTING
Feb 15 15:20:08 manjaroSurf systemd-logind[309]: Removed session c2.
Feb 15 15:20:08 manjaroSurf systemd[676]: Stopped Sound Service.
Feb 15 15:20:08 manjaroSurf systemd[676]: Stopped target Basic System.
Feb 15 15:20:08 manjaroSurf systemd[676]: Stopped target Sockets.
Feb 15 15:20:08 manjaroSurf NetworkManager[311]: <info>  [1550240408.3990] device (wlp2s0): state change: deactivating -> disconnected (reason 'connection-removed', sys-iface-state: 'managed')
Feb 15 15:20:08 manjaroSurf systemd[676]: Closed D-Bus User Message Bus Socket.
Feb 15 15:20:08 manjaroSurf avahi-daemon[313]: Withdrawing address record for 2a00:801:3c7:89a7:26e0:3286:e5c0:3dcf on wlp2s0.
Feb 15 15:20:08 manjaroSurf avahi-daemon[313]: Leaving mDNS multicast group on interface wlp2s0.IPv6 with address 2a00:801:3c7:89a7:26e0:3286:e5c0:3dcf.
Feb 15 15:20:08 manjaroSurf avahi-daemon[313]: Joining mDNS multicast group on interface wlp2s0.IPv6 with address fe80::cbf9:a87f:5c0:e272.
Feb 15 15:20:08 manjaroSurf avahi-daemon[313]: Registering new address record for fe80::cbf9:a87f:5c0:e272 on wlp2s0.*.
Feb 15 15:20:08 manjaroSurf systemd[676]: Closed GnuPG network certificate management daemon.
Feb 15 15:20:08 manjaroSurf avahi-daemon[313]: Withdrawing address record for fe80::cbf9:a87f:5c0:e272 on wlp2s0.
Feb 15 15:20:08 manjaroSurf NetworkManager[311]: <info>  [1550240408.4027] dhcp4 (wlp2s0): canceled DHCP transaction
Feb 15 15:20:08 manjaroSurf avahi-daemon[313]: Leaving mDNS multicast group on interface wlp2s0.IPv6 with address fe80::cbf9:a87f:5c0:e272.
Feb 15 15:20:08 manjaroSurf NetworkManager[311]: <info>  [1550240408.4028] dhcp4 (wlp2s0): state changed bound -> done
Feb 15 15:20:08 manjaroSurf avahi-daemon[313]: Interface wlp2s0.IPv6 no longer relevant for mDNS.
Feb 15 15:20:08 manjaroSurf systemd[676]: Closed GnuPG cryptographic agent and passphrase cache (access for web browsers).
Feb 15 15:20:08 manjaroSurf systemd[676]: Closed GnuPG cryptographic agent and passphrase cache (restricted).
Feb 15 15:20:08 manjaroSurf systemd[676]: Closed GnuPG cryptographic agent (ssh-agent emulation).
Feb 15 15:20:08 manjaroSurf kernel: mwifiex_pcie 0000:02:00.0: info: successfully disconnected from 64:a2:f9:eb:e3:e4: reason code 3
Feb 15 15:20:08 manjaroSurf systemd[676]: Closed GnuPG cryptographic agent and passphrase cache.
Feb 15 15:20:08 manjaroSurf wpa_supplicant[629]: wlp2s0: CTRL-EVENT-DISCONNECTED bssid=64:a2:f9:eb:e3:e4 reason=3 locally_generated=1
Feb 15 15:20:08 manjaroSurf systemd[676]: Stopped target Paths.
Feb 15 15:20:08 manjaroSurf systemd[676]: Stopped target Timers.
Feb 15 15:20:08 manjaroSurf systemd[676]: Closed Sound System.
Feb 15 15:20:08 manjaroSurf systemd[676]: Reached target Shutdown.
Feb 15 15:20:08 manjaroSurf systemd[676]: Starting Exit the Session...
Feb 15 15:20:08 manjaroSurf avahi-daemon[313]: Withdrawing address record for 192.168.43.31 on wlp2s0.
Feb 15 15:20:08 manjaroSurf avahi-daemon[313]: Leaving mDNS multicast group on interface wlp2s0.IPv4 with address 192.168.43.31.
Feb 15 15:20:08 manjaroSurf avahi-daemon[313]: Interface wlp2s0.IPv4 no longer relevant for mDNS.
Feb 15 15:20:08 manjaroSurf wpa_supplicant[629]: wlp2s0: CTRL-EVENT-REGDOM-CHANGE init=CORE type=WORLD
Feb 15 15:20:08 manjaroSurf NetworkManager[311]: <info>  [1550240408.4600] manager: NetworkManager state is now DISCONNECTED
Feb 15 15:20:08 manjaroSurf systemd[677]: pam_unix(systemd-user:session): session closed for user bunibun
Feb 15 15:20:08 manjaroSurf systemd[1]: user-runtime-dir@1000.service: Unit not needed anymore. Stopping.
Feb 15 15:20:08 manjaroSurf systemd[1]: Stopped User Manager for UID 1000.
Feb 15 15:20:08 manjaroSurf dbus-daemon[308]: [system] Activating via systemd: service name='org.freedesktop.nm_dispatcher' unit='dbus-org.freedesktop.nm-dispatcher.service' requested by ':1.5' (uid=0 pid=311 comm="/usr/bin/NetworkManager --no-daemon ")
Feb 15 15:20:08 manjaroSurf NetworkManager[311]: <warn>  [1550240408.4783] sup-iface[0x55b7b8c7dac0,wlp2s0]: connection disconnected (reason -3)
Feb 15 15:20:08 manjaroSurf NetworkManager[311]: <info>  [1550240408.4787] device (wlp2s0): supplicant interface state: completed -> disconnected
Feb 15 15:20:08 manjaroSurf mkinitcpio[4769]: ==> Starting build: none
Feb 15 15:20:08 manjaroSurf mkinitcpio[4769]:   -> Running build hook: [sd-shutdown]
Feb 15 15:20:08 manjaroSurf systemd[1]: user-runtime-dir@1000.service: Unit not needed anymore. Stopping.
Feb 15 15:20:08 manjaroSurf systemd[1]: Removed slice User Slice of UID 1000.
Feb 15 15:20:08 manjaroSurf dbus-daemon[308]: [system] Activation via systemd failed for unit 'dbus-org.freedesktop.nm-dispatcher.service': Refusing activation, D-Bus is shutting down.
Feb 15 15:20:08 manjaroSurf systemd[1]: Stopping /run/user/1000 mount wrapper...
Feb 15 15:20:08 manjaroSurf systemd[1]: Unmounted /run/user/1000.
Feb 15 15:20:08 manjaroSurf sddm[646]: Display server stopped.
Feb 15 15:20:08 manjaroSurf sddm[646]: Running display stop script  "/usr/share/sddm/scripts/Xstop"
Feb 15 15:20:08 manjaroSurf systemd[1]: Stopped /run/user/1000 mount wrapper.
Feb 15 15:20:08 manjaroSurf sddm[646]: Removing display ":0" ...
Feb 15 15:20:08 manjaroSurf sddm[646]: Adding new display on vt 1 ...
Feb 15 15:20:08 manjaroSurf sddm[646]: Loading theme configuration from ""
Feb 15 15:20:08 manjaroSurf sddm[646]: Display server starting...
Feb 15 15:20:08 manjaroSurf systemd[1]: Removed slice system-user\x2druntime\x2ddir.slice.
Feb 15 15:20:08 manjaroSurf sddm[646]: Running: /usr/bin/X -nolisten tcp -auth /var/run/sddm/{1ff1a260-f901-484a-b321-43333a0caf17} -background none -noreset -displayfd 18 -seat seat0 vt1
Feb 15 15:20:08 manjaroSurf mkinitcpio[4769]: ==> Build complete.
Feb 15 15:20:08 manjaroSurf systemd[1]: Started Generate shutdown-ramfs.
Feb 15 15:20:08 manjaroSurf sddm[646]: Setting default cursor
Feb 15 15:20:08 manjaroSurf sddm[646]: Could not setup default cursor
Feb 15 15:20:08 manjaroSurf sddm[646]: Running display setup script  "/usr/share/sddm/scripts/Xsetup"
Feb 15 15:20:08 manjaroSurf sddm[646]: Display server started.
Feb 15 15:20:08 manjaroSurf sddm[646]: Socket server starting...
Feb 15 15:20:08 manjaroSurf sddm[646]: Socket server started.
Feb 15 15:20:08 manjaroSurf sddm[646]: The configured theme "breath" doesn't exist, using the embedded theme instead
Feb 15 15:20:08 manjaroSurf sddm[646]: Loading theme configuration from ""
Feb 15 15:20:08 manjaroSurf sddm[646]: Greeter starting...
Feb 15 15:20:08 manjaroSurf sddm[646]: Adding cookie to "/var/run/sddm/{1ff1a260-f901-484a-b321-43333a0caf17}"
Feb 15 15:20:08 manjaroSurf sddm[646]: Signal received: SIGTERM
Feb 15 15:20:08 manjaroSurf sddm[646]: Socket server stopping...
Feb 15 15:20:08 manjaroSurf sddm[646]: Socket server stopped.
Feb 15 15:20:08 manjaroSurf sddm[646]: Display server stopping...
Feb 15 15:20:08 manjaroSurf sddm-helper[4936]: [PAM] Starting...
Feb 15 15:20:08 manjaroSurf sddm-helper[4936]: [PAM] Authenticating...
Feb 15 15:20:08 manjaroSurf sddm-helper[4936]: [PAM] returning.
Feb 15 15:20:09 manjaroSurf sddm[646]: Display server stopped.
Feb 15 15:20:09 manjaroSurf sddm[646]: Running display stop script  "/usr/share/sddm/scripts/Xstop"
Feb 15 15:20:09 manjaroSurf sddm[646]: QProcess: Destroyed while process ("/usr/lib/sddm/sddm-helper") is still running.
Feb 15 15:20:09 manjaroSurf systemd[1]: Stopped Simple Desktop Display Manager.
Feb 15 15:20:09 manjaroSurf tlp[4770]: Applying power save settings...done.
Feb 15 15:20:09 manjaroSurf systemd[1]: Stopped TLP system startup/shutdown.
Feb 15 15:20:09 manjaroSurf systemd[1]: Stopped target Multi-User System.
Feb 15 15:20:09 manjaroSurf ntpd[343]: ntpd exiting on signal 15 (Terminated)
Feb 15 15:20:09 manjaroSurf systemd[1]: Stopping Network Time Service...
Feb 15 15:20:09 manjaroSurf ntpd[343]: 217.75.106.216 local addr 192.168.43.31 -> <null>
Feb 15 15:20:09 manjaroSurf systemd[1]: Stopping Avahi mDNS/DNS-SD Stack...
Feb 15 15:20:09 manjaroSurf ntpd[343]: 79.136.86.176 local addr 192.168.43.31 -> <null>
Feb 15 15:20:09 manjaroSurf systemd[1]: Stopped target Login Prompts.
Feb 15 15:20:09 manjaroSurf ntpd[343]: 91.209.0.19 local addr 192.168.43.31 -> <null>
Feb 15 15:20:09 manjaroSurf systemd[1]: Stopping Login Service...
Feb 15 15:20:09 manjaroSurf ntpd[343]: 91.209.0.20 local addr 192.168.43.31 -> <null>
Feb 15 15:20:09 manjaroSurf systemd[1]: Stopping Periodic Command Scheduler...
Feb 15 15:20:09 manjaroSurf avahi-daemon[313]: Got SIGTERM, quitting.
Feb 15 15:20:09 manjaroSurf systemd[1]: Stopping Permit User Sessions...
Feb 15 15:20:09 manjaroSurf ModemManager[312]: <info>  Caught signal, shutting down...
Feb 15 15:20:09 manjaroSurf systemd[1]: Stopping Modem Manager...
Feb 15 15:20:09 manjaroSurf avahi-daemon[313]: avahi-daemon 0.7 exiting.
Feb 15 15:20:09 manjaroSurf crond[310]: (CRON) INFO (Shutting down)
Feb 15 15:20:09 manjaroSurf NetworkManager[311]: <info>  [1550240409.2147] modem-manager: ModemManager no longer available
Feb 15 15:20:09 manjaroSurf ModemManager[312]: <info>  ModemManager is shut down
Feb 15 15:20:09 manjaroSurf bluetoothd[620]: Terminating
Feb 15 15:20:09 manjaroSurf systemd[1]: Stopping Bluetooth service...
Feb 15 15:20:09 manjaroSurf bluetoothd[620]: Stopping SDP server
Feb 15 15:20:09 manjaroSurf bluetoothd[620]: Exit
Feb 15 15:20:09 manjaroSurf NetworkManager[311]: <info>  [1550240409.2251] bluez5: NAP: removed interface BC:83:85:07:99:0F
Feb 15 15:20:09 manjaroSurf systemd[1]: Stopped Periodic Command Scheduler.
Feb 15 15:20:09 manjaroSurf systemd[1]: Stopped Modem Manager.
Feb 15 15:20:09 manjaroSurf systemd[1]: Stopped Avahi mDNS/DNS-SD Stack.
Feb 15 15:20:09 manjaroSurf systemd[1]: Stopped Network Time Service.
Feb 15 15:20:09 manjaroSurf systemd[1]: Stopped Bluetooth service.
Feb 15 15:20:09 manjaroSurf systemd[1]: Stopped Login Service.
Feb 15 15:20:09 manjaroSurf systemd[1]: Stopped Permit User Sessions.
Feb 15 15:20:09 manjaroSurf systemd[1]: Stopped target Remote File Systems.
Feb 15 15:20:09 manjaroSurf systemd[1]: Stopped target Network.
Feb 15 15:20:09 manjaroSurf systemd[1]: Stopping Network Manager...
Feb 15 15:20:09 manjaroSurf NetworkManager[311]: <info>  [1550240409.2596] caught SIGTERM, shutting down normally.
Feb 15 15:20:09 manjaroSurf systemd[1]: Stopping WPA supplicant...
Feb 15 15:20:09 manjaroSurf NetworkManager[311]: <info>  [1550240409.2648] exiting (success)
Feb 15 15:20:09 manjaroSurf systemd[1]: Stopped target Host and Network Name Lookups.
Feb 15 15:20:09 manjaroSurf systemd[1]: Stopping Network Name Resolution...
Feb 15 15:20:09 manjaroSurf wpa_supplicant[629]: nl80211: deinit ifname=wlp2s0 disabled_11b_rates=0
Feb 15 15:20:09 manjaroSurf systemd[1]: Stopped WPA supplicant.
Feb 15 15:20:09 manjaroSurf systemd[1]: Stopped Network Name Resolution.
Feb 15 15:20:09 manjaroSurf systemd[1]: Stopped Network Manager.
Feb 15 15:20:09 manjaroSurf systemd[1]: Stopping D-Bus System Message Bus...
Feb 15 15:20:09 manjaroSurf systemd[1]: Stopped D-Bus System Message Bus.
Feb 15 15:20:09 manjaroSurf systemd[1]: Stopped target Basic System.
Feb 15 15:20:09 manjaroSurf systemd[1]: Stopped target Sockets.
Feb 15 15:20:09 manjaroSurf systemd[1]: Closed Avahi mDNS/DNS-SD Stack Activation Socket.
Feb 15 15:20:09 manjaroSurf systemd[1]: Stopped target Slices.
Feb 15 15:20:09 manjaroSurf systemd[1]: Removed slice User and Session Slice.
Feb 15 15:20:09 manjaroSurf systemd[1]: Stopped target Paths.
Feb 15 15:20:09 manjaroSurf systemd[1]: Closed D-Bus System Message Bus Socket.
Feb 15 15:20:09 manjaroSurf systemd[1]: Stopped target System Initialization.
Feb 15 15:20:09 manjaroSurf systemd[1]: Stopped Apply Kernel Variables.
Feb 15 15:20:09 manjaroSurf systemd[1]: Stopping Update UTMP about System Boot/Shutdown...
Feb 15 15:20:09 manjaroSurf systemd[1]: Stopping Load/Save Screen Backlight Brightness of backlight:intel_backlight...
Feb 15 15:20:09 manjaroSurf systemd[1]: Stopped Set Up Additional Binary Formats.
Feb 15 15:20:09 manjaroSurf systemd[1]: Stopped target Local Encrypted Volumes.
Feb 15 15:20:09 manjaroSurf systemd[1]: Stopped Forward Password Requests to Wall Directory Watch.
Feb 15 15:20:09 manjaroSurf systemd[1]: Stopped Dispatch Password Requests to Console Directory Watch.
Feb 15 15:20:09 manjaroSurf haveged[307]: haveged: Stopping due to signal 15
Feb 15 15:20:09 manjaroSurf haveged[307]: haveged starting up
Feb 15 15:20:09 manjaroSurf systemd[1]: Stopping Entropy Harvesting Daemon...
Feb 15 15:20:09 manjaroSurf systemd[1]: Stopped Load Kernel Modules.
Feb 15 15:20:09 manjaroSurf systemd[1]: Stopped Entropy Harvesting Daemon.
Feb 15 15:20:09 manjaroSurf systemd[1]: Stopped Load/Save Screen Backlight Brightness of backlight:intel_backlight.
Feb 15 15:20:09 manjaroSurf systemd[1]: Removed slice system-systemd\x2dbacklight.slice.
Feb 15 15:20:09 manjaroSurf systemd[1]: Stopping Load/Save Random Seed...
Feb 15 15:20:09 manjaroSurf systemd[1]: Stopped Update UTMP about System Boot/Shutdown.
Feb 15 15:20:09 manjaroSurf systemd[1]: Stopped Load/Save Random Seed.
Feb 15 15:20:09 manjaroSurf systemd[1]: Stopped Create Volatile Files and Directories.
Feb 15 15:20:09 manjaroSurf systemd[1]: Stopped target Local File Systems.
Feb 15 15:20:09 manjaroSurf systemd[1]: Unmounting /boot...
Feb 15 15:20:09 manjaroSurf systemd[1]: Unmounting Temporary Directory (/tmp)...
Feb 15 15:20:09 manjaroSurf systemd[1]: Unmounted /boot.
Feb 15 15:20:09 manjaroSurf systemd[1]: Unmounted Temporary Directory (/tmp).
Feb 15 15:20:09 manjaroSurf systemd[1]: Stopped target Swap.
Feb 15 15:20:09 manjaroSurf systemd[1]: Deactivating swap /dev/disk/by-id/nvme-eui.00080d0300035094-part5...
Feb 15 15:20:09 manjaroSurf systemd[1]: Deactivating swap /swapfile...
Feb 15 15:20:09 manjaroSurf systemd[1]: Stopped target Local File Systems (Pre).
Feb 15 15:20:09 manjaroSurf systemd[1]: Stopping Monitoring of LVM2 mirrors, snapshots etc. using dmeventd or progress polling...
Feb 15 15:20:09 manjaroSurf systemd[1]: Stopped Create Static Device Nodes in /dev.
Feb 15 15:20:09 manjaroSurf systemd[1]: Deactivated swap /dev/disk/by-path/pci-0000:01:00.0-nvme-1-part5.
Feb 15 15:20:09 manjaroSurf systemd[1]: Deactivated swap /dev/disk/by-partuuid/c16f331d-bee5-4d4f-901d-f804c111ed02.
Feb 15 15:20:09 manjaroSurf systemd[1]: Deactivated swap /dev/disk/by-id/nvme-eui.00080d0300035094-part5.
Feb 15 15:20:09 manjaroSurf systemd[1]: Deactivated swap /dev/disk/by-id/nvme-THNSN5256GPU7_TOSHIBA__867B32HJKWAX-part5.
Feb 15 15:20:09 manjaroSurf systemd[1]: Deactivated swap /dev/nvme0n1p5.
Feb 15 15:20:09 manjaroSurf systemd[1]: Deactivated swap /dev/disk/by-uuid/de26ee8f-a3b7-4b03-b338-5f983e7932da.
Feb 15 15:20:09 manjaroSurf systemd[1]: Deactivated swap /swapfile.
Feb 15 15:20:09 manjaroSurf systemd[1]: Stopped Monitoring of LVM2 mirrors, snapshots etc. using dmeventd or progress polling.
Feb 15 15:20:09 manjaroSurf systemd[1]: Stopping LVM2 metadata daemon...
Feb 15 15:20:09 manjaroSurf systemd[1]: Stopped Remount Root and Kernel File Systems.
Feb 15 15:20:09 manjaroSurf systemd[1]: Reached target Shutdown.
Feb 15 15:20:09 manjaroSurf systemd[1]: Reached target Unmount All Filesystems.
Feb 15 15:20:09 manjaroSurf systemd[1]: Reached target Final Step.
Feb 15 15:20:09 manjaroSurf systemd[1]: Starting Power-Off...
Feb 15 15:20:09 manjaroSurf systemd[1]: Stopped LVM2 metadata daemon.
Feb 15 15:20:09 manjaroSurf systemd[1]: Closed LVM2 metadata daemon socket.
Feb 15 15:20:09 manjaroSurf systemd[1]: Shutting down.
Feb 15 15:20:09 manjaroSurf kernel: systemd-shutdow: 45 output lines suppressed due to ratelimiting
Feb 15 15:20:09 manjaroSurf systemd-shutdown[1]: Syncing filesystems and block devices.
Feb 15 15:20:09 manjaroSurf systemd-shutdown[1]: Sending SIGTERM to remaining processes...
Feb 15 15:20:09 manjaroSurf systemd-journald[216]: Journal stopped
-- Reboot --
Feb 15 15:42:26 manjaroSurf kernel: Linux version 4.18.20-4-surface (dmhacker@dmhsurface) (gcc version 8.2.1 20181127 (GCC)) #1 SMP PREEMPT Thu Jan 17 14:10:06 PST 2019
Feb 15 15:42:26 manjaroSurf kernel: Command line: initrd=\intel-ucode.img initrd=\initramfs-linux-surface.img root=PARTUUID=fba3a453-4230-154c-864c-4097561848a4 rw
Feb 15 15:42:26 manjaroSurf kernel: KERNEL supported cpus:
Feb 15 15:42:26 manjaroSurf kernel:   Intel GenuineIntel
Feb 15 15:42:26 manjaroSurf kernel:   AMD AuthenticAMD
Feb 15 15:42:26 manjaroSurf kernel:   Centaur CentaurHauls
Feb 15 15:42:26 manjaroSurf kernel: x86/fpu: Supporting XSAVE feature 0x001: 'x87 floating point registers'
Feb 15 15:42:26 manjaroSurf kernel: x86/fpu: Supporting XSAVE feature 0x002: 'SSE registers'
Feb 15 15:42:26 manjaroSurf kernel: x86/fpu: Supporting XSAVE feature 0x004: 'AVX registers'
Feb 15 15:42:26 manjaroSurf kernel: x86/fpu: Supporting XSAVE feature 0x008: 'MPX bounds registers'
Feb 15 15:42:26 manjaroSurf kernel: x86/fpu: Supporting XSAVE feature 0x010: 'MPX CSR'
Feb 15 15:42:26 manjaroSurf kernel: x86/fpu: xstate_offset[2]:  576, xstate_sizes[2]:  256
Feb 15 15:42:26 manjaroSurf kernel: x86/fpu: xstate_offset[3]:  832, xstate_sizes[3]:   64
Feb 15 15:42:26 manjaroSurf kernel: x86/fpu: xstate_offset[4]:  896, xstate_sizes[4]:   64
Feb 15 15:42:26 manjaroSurf kernel: x86/fpu: Enabled xstate features 0x1f, context size is 960 bytes, using 'compacted' format.
Feb 15 15:42:26 manjaroSurf kernel: BIOS-provided physical RAM map:
Feb 15 15:42:26 manjaroSurf kernel: BIOS-e820: [mem 0x0000000000000000-0x0000000000057fff] usable
Feb 15 15:42:26 manjaroSurf kernel: BIOS-e820: [mem 0x0000000000058000-0x0000000000058fff] reserved
Feb 15 15:42:26 manjaroSurf kernel: BIOS-e820: [mem 0x0000000000059000-0x000000000009dfff] usable
Feb 15 15:42:26 manjaroSurf kernel: BIOS-e820: [mem 0x000000000009e000-0x00000000000fffff] reserved
Feb 15 15:42:26 manjaroSurf kernel: BIOS-e820: [mem 0x0000000000100000-0x000000008aa07fff] usable
Feb 15 15:42:26 manjaroSurf kernel: BIOS-e820: [mem 0x000000008aa08000-0x000000008aa08fff] ACPI NVS
Feb 15 15:42:26 manjaroSurf kernel: BIOS-e820: [mem 0x000000008aa09000-0x000000008aa09fff] reserved
Feb 15 15:42:26 manjaroSurf kernel: BIOS-e820: [mem 0x000000008aa0a000-0x000000008bdaefff] usable
Feb 15 15:42:26 manjaroSurf kernel: BIOS-e820: [mem 0x000000008bdaf000-0x000000008be9efff] reserved
Feb 15 15:42:26 manjaroSurf kernel: BIOS-e820: [mem 0x000000008be9f000-0x000000008bec4fff] ACPI NVS
Feb 15 15:42:26 manjaroSurf kernel: BIOS-e820: [mem 0x000000008bec5000-0x000000008befefff] ACPI data
Feb 15 15:42:26 manjaroSurf kernel: BIOS-e820: [mem 0x000000008beff000-0x000000008befffff] usable
Feb 15 15:42:26 manjaroSurf kernel: BIOS-e820: [mem 0x000000008bf00000-0x000000008f7fffff] reserved
Feb 15 15:42:26 manjaroSurf kernel: BIOS-e820: [mem 0x00000000e0000000-0x00000000efffffff] reserved
Feb 15 15:42:26 manjaroSurf kernel: BIOS-e820: [mem 0x00000000fe010000-0x00000000fe010fff] reserved
Feb 15 15:42:26 manjaroSurf kernel: BIOS-e820: [mem 0x0000000100000000-0x000000026f7fffff] usable
Feb 15 15:42:26 manjaroSurf kernel: NX (Execute Disable) protection: active
Feb 15 15:42:26 manjaroSurf kernel: efi: EFI v2.70 by MSFT
Feb 15 15:42:26 manjaroSurf kernel: efi:  ACPI=0x8befe000  ACPI 2.0=0x8befe014  SMBIOS=0x8be36000  SMBIOS 3.0=0x8be34000  MEMATTR=0x88e53098  ESRT=0x8be32018  TPMEventLog=0x88e13018 
Feb 15 15:42:26 manjaroSurf kernel: SMBIOS 3.1.1 present.
Feb 15 15:42:26 manjaroSurf kernel: DMI: Microsoft Corporation Surface Pro 4/Surface Pro 4, BIOS 108.2318.769 08/14/2018
Feb 15 15:42:26 manjaroSurf kernel: e820: update [mem 0x00000000-0x00000fff] usable ==> reserved
Feb 15 15:42:26 manjaroSurf kernel: e820: remove [mem 0x000a0000-0x000fffff] usable
Feb 15 15:42:26 manjaroSurf kernel: last_pfn = 0x26f800 max_arch_pfn = 0x400000000
Feb 15 15:42:26 manjaroSurf kernel: MTRR default type: write-back
Feb 15 15:42:26 manjaroSurf kernel: MTRR fixed ranges enabled:
Feb 15 15:42:26 manjaroSurf kernel:   00000-9FFFF write-back
Feb 15 15:42:26 manjaroSurf kernel:   A0000-BFFFF uncachable
Feb 15 15:42:26 manjaroSurf kernel:   C0000-FFFFF write-protect
Feb 15 15:42:26 manjaroSurf kernel: MTRR variable ranges enabled:
Feb 15 15:42:26 manjaroSurf kernel:   0 base 00C0000000 mask 7FC0000000 uncachable
Feb 15 15:42:26 manjaroSurf kernel:   1 base 00A0000000 mask 7FE0000000 uncachable
Feb 15 15:42:26 manjaroSurf kernel:   2 base 0090000000 mask 7FF0000000 uncachable
Feb 15 15:42:26 manjaroSurf kernel:   3 base 008E000000 mask 7FFE000000 uncachable
Feb 15 15:42:26 manjaroSurf kernel:   4 base 008D000000 mask 7FFF000000 uncachable
Feb 15 15:42:26 manjaroSurf kernel:   5 base 008C000000 mask 7FFF000000 uncachable
Feb 15 15:42:26 manjaroSurf kernel:   6 disabled
Feb 15 15:42:26 manjaroSurf kernel:   7 disabled
Feb 15 15:42:26 manjaroSurf kernel:   8 disabled
Feb 15 15:42:26 manjaroSurf kernel:   9 disabled
Feb 15 15:42:26 manjaroSurf kernel: x86/PAT: Configuration [0-7]: WB  WC  UC- UC  WB  WP  UC- WT  
Feb 15 15:42:26 manjaroSurf kernel: last_pfn = 0x8bf00 max_arch_pfn = 0x400000000
Feb 15 15:42:26 manjaroSurf kernel: esrt: Reserving ESRT space from 0x000000008be32018 to 0x000000008be32118.
Feb 15 15:42:26 manjaroSurf kernel: Scanning 1 areas for low memory corruption
Feb 15 15:42:26 manjaroSurf kernel: Base memory trampoline at [(____ptrval____)] 98000 size 24576
Feb 15 15:42:26 manjaroSurf kernel: Using GB pages for direct mapping
Feb 15 15:42:26 manjaroSurf kernel: BRK [0x106663000, 0x106663fff] PGTABLE
Feb 15 15:42:26 manjaroSurf kernel: BRK [0x106664000, 0x106664fff] PGTABLE
Feb 15 15:42:26 manjaroSurf kernel: BRK [0x106665000, 0x106665fff] PGTABLE
Feb 15 15:42:26 manjaroSurf kernel: BRK [0x106666000, 0x106666fff] PGTABLE
Feb 15 15:42:26 manjaroSurf kernel: BRK [0x106667000, 0x106667fff] PGTABLE
Feb 15 15:42:26 manjaroSurf kernel: BRK [0x106668000, 0x106668fff] PGTABLE
Feb 15 15:42:26 manjaroSurf kernel: BRK [0x106669000, 0x106669fff] PGTABLE
Feb 15 15:42:26 manjaroSurf kernel: BRK [0x10666a000, 0x10666afff] PGTABLE
Feb 15 15:42:26 manjaroSurf kernel: BRK [0x10666b000, 0x10666bfff] PGTABLE
Feb 15 15:42:26 manjaroSurf kernel: Secure boot disabled
Feb 15 15:42:26 manjaroSurf kernel: RAMDISK: [mem 0x7f704000-0x7fffefff]
Feb 15 15:42:26 manjaroSurf kernel: ACPI: Early table checksum verification disabled
Feb 15 15:42:26 manjaroSurf kernel: ACPI: RSDP 0x000000008BEFE014 000024 (v02 MSFT  )
Feb 15 15:42:26 manjaroSurf kernel: ACPI: XSDT 0x000000008BEFD0E8 0000B4 (v01 MSFT   MSFT     00000000 MSFT 0000005F)
Feb 15 15:42:26 manjaroSurf kernel: ACPI: FACP 0x000000008BEF4000 00010C (v05 MSFT   MSFT     00000000 MSFT 0000005F)
Feb 15 15:42:26 manjaroSurf kernel: ACPI: DSDT 0x000000008BED8000 017634 (v02 MSFT   MSFT     00000000 INTL 20160422)
Feb 15 15:42:26 manjaroSurf kernel: ACPI: FACS 0x000000008BEA5000 000040
Feb 15 15:42:26 manjaroSurf kernel: ACPI: BBRT 0x000000008BEFC000 00002C (v01 MSFT   MSFT     00000002 MSFT 0000005F)
Feb 15 15:42:26 manjaroSurf kernel: ACPI: SSDT 0x000000008BEFB000 000577 (v02 MSFT   Tpm2Tabl 00001000 INTL 20160422)
Feb 15 15:42:26 manjaroSurf kernel: ACPI: TPM2 0x000000008BEFA000 000034 (v03 MSFT   MSFT     00000002 MSFT 0000005F)
Feb 15 15:42:26 manjaroSurf kernel: ACPI: MSDM 0x000000008BEF9000 000055 (v01 MSFT            00000001 MSFT 00000001)
Feb 15 15:42:26 manjaroSurf kernel: ACPI: SSDT 0x000000008BEF5000 00312B (v02 SaSsdt SaSsdt   00003000 INTL 20160422)
Feb 15 15:42:26 manjaroSurf kernel: ACPI: HPET 0x000000008BEF3000 000038 (v01 MSFT   MSFT     00000001 MSFT 0000005F)
Feb 15 15:42:26 manjaroSurf kernel: ACPI: APIC 0x000000008BEF2000 00012C (v03 MSFT   MSFT     00000001 MSFT 0000005F)
Feb 15 15:42:26 manjaroSurf kernel: ACPI: MCFG 0x000000008BEF1000 00003C (v01 MSFT   MSFT     00000001 MSFT 0000005F)
Feb 15 15:42:26 manjaroSurf kernel: ACPI: LPIT 0x000000008BEF0000 000094 (v01 MSFT   MSFT     00000000 MSFT 0000005F)
Feb 15 15:42:26 manjaroSurf kernel: ACPI: SSDT 0x000000008BED5000 00260B (v02 MSFT   RTD3APNV 00001000 INTL 20160422)
Feb 15 15:42:26 manjaroSurf kernel: ACPI: SSDT 0x000000008BED4000 0008CD (v02 MSFT   xh_ap000 00000000 INTL 20160422)
Feb 15 15:42:26 manjaroSurf kernel: ACPI: SSDT 0x000000008BED2000 0017AE (v02 CpuRef CpuSsdt  00003000 INTL 20160422)
Feb 15 15:42:26 manjaroSurf kernel: ACPI: DMAR 0x000000008BED1000 000118 (v01 MSFT   MSFT     00000001 INTL 00000001)
Feb 15 15:42:26 manjaroSurf kernel: ACPI: NHLT 0x000000008BED0000 00002D (v00 MSFT   MSFT     00000002 MSFT 0000005F)
Feb 15 15:42:26 manjaroSurf kernel: ACPI: WSMT 0x000000008BECE000 000028 (v01 MSFT   MSFT     00000002 MSFT 0000005F)
Feb 15 15:42:26 manjaroSurf kernel: ACPI: FPDT 0x000000008BECD000 000034 (v01 MSFT   MSFT     00000002 MSFT 0000005F)
Feb 15 15:42:26 manjaroSurf kernel: ACPI: BGRT 0x000000008BECF000 000038 (v01 MSFT   MSFT     00000002 MSFT 0000005F)
Feb 15 15:42:26 manjaroSurf kernel: ACPI: Local APIC address 0xfee00000
Feb 15 15:42:26 manjaroSurf kernel: No NUMA configuration found
Feb 15 15:42:26 manjaroSurf kernel: Faking a node at [mem 0x0000000000000000-0x000000026f7fffff]
Feb 15 15:42:26 manjaroSurf kernel: NODE_DATA(0) allocated [mem 0x26f7fd000-0x26f7fffff]
Feb 15 15:42:26 manjaroSurf kernel: Zone ranges:
Feb 15 15:42:26 manjaroSurf kernel:   DMA      [mem 0x0000000000001000-0x0000000000ffffff]
Feb 15 15:42:26 manjaroSurf kernel:   DMA32    [mem 0x0000000001000000-0x00000000ffffffff]
Feb 15 15:42:26 manjaroSurf kernel:   Normal   [mem 0x0000000100000000-0x000000026f7fffff]
Feb 15 15:42:26 manjaroSurf kernel:   Device   empty
Feb 15 15:42:26 manjaroSurf kernel: Movable zone start for each node
Feb 15 15:42:26 manjaroSurf kernel: Early memory node ranges
Feb 15 15:42:26 manjaroSurf kernel:   node   0: [mem 0x0000000000001000-0x0000000000057fff]
Feb 15 15:42:26 manjaroSurf kernel:   node   0: [mem 0x0000000000059000-0x000000000009dfff]
Feb 15 15:42:26 manjaroSurf kernel:   node   0: [mem 0x0000000000100000-0x000000008aa07fff]
Feb 15 15:42:26 manjaroSurf kernel:   node   0: [mem 0x000000008aa0a000-0x000000008bdaefff]
Feb 15 15:42:26 manjaroSurf kernel:   node   0: [mem 0x000000008beff000-0x000000008befffff]
Feb 15 15:42:26 manjaroSurf kernel:   node   0: [mem 0x0000000100000000-0x000000026f7fffff]
Feb 15 15:42:26 manjaroSurf kernel: Reserved but unavailable: 17078 pages
Feb 15 15:42:26 manjaroSurf kernel: Initmem setup node 0 [mem 0x0000000000001000-0x000000026f7fffff]
Feb 15 15:42:26 manjaroSurf kernel: On node 0 totalpages: 2078026
Feb 15 15:42:26 manjaroSurf kernel:   DMA zone: 64 pages used for memmap
Feb 15 15:42:26 manjaroSurf kernel:   DMA zone: 21 pages reserved
Feb 15 15:42:26 manjaroSurf kernel:   DMA zone: 3996 pages, LIFO batch:0
Feb 15 15:42:26 manjaroSurf kernel:   DMA32 zone: 8887 pages used for memmap
Feb 15 15:42:26 manjaroSurf kernel:   DMA32 zone: 568750 pages, LIFO batch:31
Feb 15 15:42:26 manjaroSurf kernel:   Normal zone: 23520 pages used for memmap
Feb 15 15:42:26 manjaroSurf kernel:   Normal zone: 1505280 pages, LIFO batch:31
Feb 15 15:42:26 manjaroSurf kernel: Reserving Intel graphics memory at [mem 0x8d800000-0x8f7fffff]
Feb 15 15:42:26 manjaroSurf kernel: ACPI: PM-Timer IO Port: 0x1808
Feb 15 15:42:26 manjaroSurf kernel: ACPI: Local APIC address 0xfee00000
Feb 15 15:42:26 manjaroSurf kernel: ACPI: LAPIC_NMI (acpi_id[0x01] high edge lint[0x1])
Feb 15 15:42:26 manjaroSurf kernel: ACPI: LAPIC_NMI (acpi_id[0x02] high edge lint[0x1])
Feb 15 15:42:26 manjaroSurf kernel: ACPI: LAPIC_NMI (acpi_id[0x03] high edge lint[0x1])
Feb 15 15:42:26 manjaroSurf kernel: ACPI: LAPIC_NMI (acpi_id[0x04] high edge lint[0x1])
Feb 15 15:42:26 manjaroSurf kernel: ACPI: LAPIC_NMI (acpi_id[0x05] high edge lint[0x1])
Feb 15 15:42:26 manjaroSurf kernel: ACPI: LAPIC_NMI (acpi_id[0x06] high edge lint[0x1])
Feb 15 15:42:26 manjaroSurf kernel: ACPI: LAPIC_NMI (acpi_id[0x07] high edge lint[0x1])
Feb 15 15:42:26 manjaroSurf kernel: ACPI: LAPIC_NMI (acpi_id[0x08] high edge lint[0x1])
Feb 15 15:42:26 manjaroSurf kernel: ACPI: LAPIC_NMI (acpi_id[0x09] high edge lint[0x1])
Feb 15 15:42:26 manjaroSurf kernel: ACPI: LAPIC_NMI (acpi_id[0x0a] high edge lint[0x1])
Feb 15 15:42:26 manjaroSurf kernel: ACPI: LAPIC_NMI (acpi_id[0x0b] high edge lint[0x1])
Feb 15 15:42:26 manjaroSurf kernel: ACPI: LAPIC_NMI (acpi_id[0x0c] high edge lint[0x1])
Feb 15 15:42:26 manjaroSurf kernel: ACPI: LAPIC_NMI (acpi_id[0x0d] high edge lint[0x1])
Feb 15 15:42:26 manjaroSurf kernel: ACPI: LAPIC_NMI (acpi_id[0x0e] high edge lint[0x1])
Feb 15 15:42:26 manjaroSurf kernel: ACPI: LAPIC_NMI (acpi_id[0x0f] high edge lint[0x1])
Feb 15 15:42:26 manjaroSurf kernel: ACPI: LAPIC_NMI (acpi_id[0x10] high edge lint[0x1])
Feb 15 15:42:26 manjaroSurf kernel: IOAPIC[0]: apic_id 2, version 32, address 0xfec00000, GSI 0-119
Feb 15 15:42:26 manjaroSurf kernel: ACPI: INT_SRC_OVR (bus 0 bus_irq 0 global_irq 2 dfl dfl)
Feb 15 15:42:26 manjaroSurf kernel: ACPI: INT_SRC_OVR (bus 0 bus_irq 9 global_irq 9 high level)
Feb 15 15:42:26 manjaroSurf kernel: ACPI: IRQ0 used by override.
Feb 15 15:42:26 manjaroSurf kernel: ACPI: IRQ9 used by override.
Feb 15 15:42:26 manjaroSurf kernel: Using ACPI (MADT) for SMP configuration information
Feb 15 15:42:26 manjaroSurf kernel: ACPI: HPET id: 0x8086a201 base: 0xfed00000
Feb 15 15:42:26 manjaroSurf kernel: smpboot: Allowing 4 CPUs, 0 hotplug CPUs
Feb 15 15:42:26 manjaroSurf kernel: PM: Registered nosave memory: [mem 0x00000000-0x00000fff]
Feb 15 15:42:26 manjaroSurf kernel: PM: Registered nosave memory: [mem 0x00058000-0x00058fff]
Feb 15 15:42:26 manjaroSurf kernel: PM: Registered nosave memory: [mem 0x0009e000-0x000fffff]
Feb 15 15:42:26 manjaroSurf kernel: PM: Registered nosave memory: [mem 0x8aa08000-0x8aa08fff]
Feb 15 15:42:26 manjaroSurf kernel: PM: Registered nosave memory: [mem 0x8aa09000-0x8aa09fff]
Feb 15 15:42:26 manjaroSurf kernel: PM: Registered nosave memory: [mem 0x8bdaf000-0x8be9efff]
Feb 15 15:42:26 manjaroSurf kernel: PM: Registered nosave memory: [mem 0x8be9f000-0x8bec4fff]
Feb 15 15:42:26 manjaroSurf kernel: PM: Registered nosave memory: [mem 0x8bec5000-0x8befefff]
Feb 15 15:42:26 manjaroSurf kernel: PM: Registered nosave memory: [mem 0x8bf00000-0x8f7fffff]
Feb 15 15:42:26 manjaroSurf kernel: PM: Registered nosave memory: [mem 0x8f800000-0xdfffffff]
Feb 15 15:42:26 manjaroSurf kernel: PM: Registered nosave memory: [mem 0xe0000000-0xefffffff]
Feb 15 15:42:26 manjaroSurf kernel: PM: Registered nosave memory: [mem 0xf0000000-0xfe00ffff]
Feb 15 15:42:26 manjaroSurf kernel: PM: Registered nosave memory: [mem 0xfe010000-0xfe010fff]
Feb 15 15:42:26 manjaroSurf kernel: PM: Registered nosave memory: [mem 0xfe011000-0xffffffff]
Feb 15 15:42:26 manjaroSurf kernel: [mem 0x8f800000-0xdfffffff] available for PCI devices
Feb 15 15:42:26 manjaroSurf kernel: Booting paravirtualized kernel on bare hardware
Feb 15 15:42:26 manjaroSurf kernel: clocksource: refined-jiffies: mask: 0xffffffff max_cycles: 0xffffffff, max_idle_ns: 1910969940391419 ns
Feb 15 15:42:26 manjaroSurf kernel: random: get_random_bytes called from start_kernel+0x95/0x535 with crng_init=0
Feb 15 15:42:26 manjaroSurf kernel: setup_percpu: NR_CPUS:320 nr_cpumask_bits:320 nr_cpu_ids:4 nr_node_ids:1
Feb 15 15:42:26 manjaroSurf kernel: percpu: Embedded 46 pages/cpu @(____ptrval____) s151552 r8192 d28672 u524288
Feb 15 15:42:26 manjaroSurf kernel: pcpu-alloc: s151552 r8192 d28672 u524288 alloc=1*2097152
Feb 15 15:42:26 manjaroSurf kernel: pcpu-alloc: [0] 0 1 2 3 
Feb 15 15:42:26 manjaroSurf kernel: Built 1 zonelists, mobility grouping on.  Total pages: 2045534
Feb 15 15:42:26 manjaroSurf kernel: Policy zone: Normal
Feb 15 15:42:26 manjaroSurf kernel: Kernel command line: initrd=\intel-ucode.img initrd=\initramfs-linux-surface.img root=PARTUUID=fba3a453-4230-154c-864c-4097561848a4 rw
Feb 15 15:42:26 manjaroSurf kernel: Calgary: detecting Calgary via BIOS EBDA area
Feb 15 15:42:26 manjaroSurf kernel: Calgary: Unable to locate Rio Grande table in EBDA - bailing!
Feb 15 15:42:26 manjaroSurf kernel: Memory: 8020560K/8312104K available (10252K kernel code, 1294K rwdata, 3376K rodata, 1480K init, 600K bss, 291544K reserved, 0K cma-reserved)
Feb 15 15:42:26 manjaroSurf kernel: SLUB: HWalign=64, Order=0-3, MinObjects=0, CPUs=4, Nodes=1
Feb 15 15:42:26 manjaroSurf kernel: Kernel/User page tables isolation: enabled
Feb 15 15:42:26 manjaroSurf kernel: ftrace: allocating 32755 entries in 128 pages
Feb 15 15:42:26 manjaroSurf kernel: Preemptible hierarchical RCU implementation.
Feb 15 15:42:26 manjaroSurf kernel:         CONFIG_RCU_FANOUT set to non-default value of 32
Feb 15 15:42:26 manjaroSurf kernel:         RCU dyntick-idle grace-period acceleration is enabled.
Feb 15 15:42:26 manjaroSurf kernel:         RCU restricting CPUs from NR_CPUS=320 to nr_cpu_ids=4.
Feb 15 15:42:26 manjaroSurf kernel:         RCU priority boosting: priority 1 delay 500 ms.
Feb 15 15:42:26 manjaroSurf kernel:         Tasks RCU enabled.
Feb 15 15:42:26 manjaroSurf kernel: RCU: Adjusting geometry for rcu_fanout_leaf=16, nr_cpu_ids=4
Feb 15 15:42:26 manjaroSurf kernel: NR_IRQS: 20736, nr_irqs: 1024, preallocated irqs: 16
Feb 15 15:42:26 manjaroSurf kernel:         Offload RCU callbacks from CPUs: (none).
Feb 15 15:42:26 manjaroSurf kernel: Console: colour dummy device 80x25
Feb 15 15:42:26 manjaroSurf kernel: console [tty0] enabled
Feb 15 15:42:26 manjaroSurf kernel: ACPI: Core revision 20180531
Feb 15 15:42:26 manjaroSurf kernel: clocksource: hpet: mask: 0xffffffff max_cycles: 0xffffffff, max_idle_ns: 79635855245 ns
Feb 15 15:42:26 manjaroSurf kernel: hpet clockevent registered
Feb 15 15:42:26 manjaroSurf kernel: APIC: Switch to symmetric I/O mode setup
Feb 15 15:42:26 manjaroSurf kernel: DMAR: Host address width 39
Feb 15 15:42:26 manjaroSurf kernel: DMAR: DRHD base: 0x000000fed90000 flags: 0x0
Feb 15 15:42:26 manjaroSurf kernel: DMAR: dmar0: reg_base_addr fed90000 ver 1:0 cap 1c0000c40660462 ecap 7e3ff0505e
Feb 15 15:42:26 manjaroSurf kernel: DMAR: DRHD base: 0x000000fed91000 flags: 0x1
Feb 15 15:42:26 manjaroSurf kernel: DMAR: dmar1: reg_base_addr fed91000 ver 1:0 cap d2008c40660462 ecap f050da
Feb 15 15:42:26 manjaroSurf kernel: DMAR: RMRR base: 0x0000008d000000 end: 0x0000008f7fffff
Feb 15 15:42:26 manjaroSurf kernel: DMAR: ANDD device: 1 name: \_SB.PCI0.I2C0
Feb 15 15:42:26 manjaroSurf kernel: DMAR: ANDD device: 2 name: \_SB.PCI0.I2C1
Feb 15 15:42:26 manjaroSurf kernel: DMAR: ANDD device: 3 name: \_SB.PCI0.I2C2
Feb 15 15:42:26 manjaroSurf kernel: DMAR: ANDD device: 4 name: \_SB.PCI0.I2C3
Feb 15 15:42:26 manjaroSurf kernel: DMAR-IR: IOAPIC id 2 under DRHD base  0xfed91000 IOMMU 1
Feb 15 15:42:26 manjaroSurf kernel: DMAR-IR: HPET id 0 under DRHD base 0xfed91000
Feb 15 15:42:26 manjaroSurf kernel: DMAR-IR: Queued invalidation will be enabled to support x2apic and Intr-remapping.
Feb 15 15:42:26 manjaroSurf kernel: DMAR-IR: Enabled IRQ remapping in x2apic mode
Feb 15 15:42:26 manjaroSurf kernel: x2apic enabled
Feb 15 15:42:26 manjaroSurf kernel: Switched APIC routing to cluster x2apic.
Feb 15 15:42:26 manjaroSurf kernel: ..TIMER: vector=0x30 apic1=0 pin1=2 apic2=-1 pin2=-1
Feb 15 15:42:26 manjaroSurf kernel: tsc: Detected 2500.000 MHz processor
Feb 15 15:42:26 manjaroSurf kernel: tsc: Detected 2496.000 MHz TSC
Feb 15 15:42:26 manjaroSurf kernel: clocksource: tsc-early: mask: 0xffffffffffffffff max_cycles: 0x23fa772cf26, max_idle_ns: 440795269835 ns
Feb 15 15:42:26 manjaroSurf kernel: Calibrating delay loop (skipped), value calculated using timer frequency.. 4992.00 BogoMIPS (lpj=2496000)
Feb 15 15:42:26 manjaroSurf kernel: pid_max: default: 32768 minimum: 301
Feb 15 15:42:26 manjaroSurf kernel: Security Framework initialized
Feb 15 15:42:26 manjaroSurf kernel: Yama: becoming mindful.
Feb 15 15:42:26 manjaroSurf kernel: Dentry cache hash table entries: 1048576 (order: 11, 8388608 bytes)
Feb 15 15:42:26 manjaroSurf kernel: Inode-cache hash table entries: 524288 (order: 10, 4194304 bytes)
Feb 15 15:42:26 manjaroSurf kernel: Mount-cache hash table entries: 16384 (order: 5, 131072 bytes)
Feb 15 15:42:26 manjaroSurf kernel: Mountpoint-cache hash table entries: 16384 (order: 5, 131072 bytes)
Feb 15 15:42:26 manjaroSurf kernel: ENERGY_PERF_BIAS: Set to 'normal', was 'performance'
Feb 15 15:42:26 manjaroSurf kernel: ENERGY_PERF_BIAS: View and update with x86_energy_perf_policy(8)
Feb 15 15:42:26 manjaroSurf kernel: mce: CPU supports 8 MCE banks
Feb 15 15:42:26 manjaroSurf kernel: CPU0: Thermal monitoring enabled (TM1)
Feb 15 15:42:26 manjaroSurf kernel: process: using mwait in idle threads
Feb 15 15:42:26 manjaroSurf kernel: Last level iTLB entries: 4KB 64, 2MB 8, 4MB 8
Feb 15 15:42:26 manjaroSurf kernel: Last level dTLB entries: 4KB 64, 2MB 0, 4MB 0, 1GB 4
Feb 15 15:42:26 manjaroSurf kernel: Spectre V2 : Mitigation: Full generic retpoline
Feb 15 15:42:26 manjaroSurf kernel: Spectre V2 : Spectre v2 / SpectreRSB mitigation: Filling RSB on context switch
Feb 15 15:42:26 manjaroSurf kernel: Spectre V2 : Spectre v2 mitigation: Enabling Indirect Branch Prediction Barrier
Feb 15 15:42:26 manjaroSurf kernel: Spectre V2 : Enabling Restricted Speculation for firmware calls
Feb 15 15:42:26 manjaroSurf kernel: Spectre V2 : Spectre v2 cross-process SMT mitigation: Enabling STIBP
Feb 15 15:42:26 manjaroSurf kernel: Speculative Store Bypass: Mitigation: Speculative Store Bypass disabled via prctl and seccomp
Feb 15 15:42:26 manjaroSurf kernel: Freeing SMP alternatives memory: 28K
Feb 15 15:42:26 manjaroSurf kernel: TSC deadline timer enabled
Feb 15 15:42:26 manjaroSurf kernel: smpboot: CPU0: Intel(R) Core(TM) i5-6300U CPU @ 2.40GHz (family: 0x6, model: 0x4e, stepping: 0x3)
Feb 15 15:42:26 manjaroSurf kernel: Performance Events: PEBS fmt3+, Skylake events, 32-deep LBR, full-width counters, Intel PMU driver.
Feb 15 15:42:26 manjaroSurf kernel: ... version:                4
Feb 15 15:42:26 manjaroSurf kernel: ... bit width:              48
Feb 15 15:42:26 manjaroSurf kernel: ... generic registers:      4
Feb 15 15:42:26 manjaroSurf kernel: ... value mask:             0000ffffffffffff
Feb 15 15:42:26 manjaroSurf kernel: ... max period:             00007fffffffffff
Feb 15 15:42:26 manjaroSurf kernel: ... fixed-purpose events:   3
Feb 15 15:42:26 manjaroSurf kernel: ... event mask:             000000070000000f
Feb 15 15:42:26 manjaroSurf kernel: Hierarchical SRCU implementation.
Feb 15 15:42:26 manjaroSurf kernel: NMI watchdog: Enabled. Permanently consumes one hw-PMU counter.
Feb 15 15:42:26 manjaroSurf kernel: smp: Bringing up secondary CPUs ...
Feb 15 15:42:26 manjaroSurf kernel: x86: Booting SMP configuration:
Feb 15 15:42:26 manjaroSurf kernel: .... node  #0, CPUs:      #1 #2 #3
Feb 15 15:42:26 manjaroSurf kernel: smp: Brought up 1 node, 4 CPUs
Feb 15 15:42:26 manjaroSurf kernel: smpboot: Max logical packages: 1
Feb 15 15:42:26 manjaroSurf kernel: smpboot: Total of 4 processors activated (19968.00 BogoMIPS)
Feb 15 15:42:26 manjaroSurf kernel: devtmpfs: initialized
Feb 15 15:42:26 manjaroSurf kernel: x86/mm: Memory block size: 128MB
Feb 15 15:42:26 manjaroSurf kernel: PM: Registering ACPI NVS region [mem 0x8aa08000-0x8aa08fff] (4096 bytes)
Feb 15 15:42:26 manjaroSurf kernel: PM: Registering ACPI NVS region [mem 0x8be9f000-0x8bec4fff] (155648 bytes)
Feb 15 15:42:26 manjaroSurf kernel: clocksource: jiffies: mask: 0xffffffff max_cycles: 0xffffffff, max_idle_ns: 1911260446275000 ns
Feb 15 15:42:26 manjaroSurf kernel: futex hash table entries: 1024 (order: 4, 65536 bytes)
Feb 15 15:42:26 manjaroSurf kernel: pinctrl core: initialized pinctrl subsystem
Feb 15 15:42:26 manjaroSurf kernel: RTC time: 14:42:25, date: 02/15/19
Feb 15 15:42:26 manjaroSurf kernel: NET: Registered protocol family 16
Feb 15 15:42:26 manjaroSurf kernel: cpuidle: using governor ladder
Feb 15 15:42:26 manjaroSurf kernel: cpuidle: using governor menu
Feb 15 15:42:26 manjaroSurf kernel: ACPI: bus type PCI registered
Feb 15 15:42:26 manjaroSurf kernel: acpiphp: ACPI Hot Plug PCI Controller Driver version: 0.5
Feb 15 15:42:26 manjaroSurf kernel: PCI: MMCONFIG for domain 0000 [bus 00-ff] at [mem 0xe0000000-0xefffffff] (base 0xe0000000)
Feb 15 15:42:26 manjaroSurf kernel: PCI: MMCONFIG at [mem 0xe0000000-0xefffffff] reserved in E820
Feb 15 15:42:26 manjaroSurf kernel: PCI: Using configuration type 1 for base access
Feb 15 15:42:26 manjaroSurf kernel: HugeTLB registered 1.00 GiB page size, pre-allocated 0 pages
Feb 15 15:42:26 manjaroSurf kernel: HugeTLB registered 2.00 MiB page size, pre-allocated 0 pages
Feb 15 15:42:26 manjaroSurf kernel: ACPI: Added _OSI(Module Device)
Feb 15 15:42:26 manjaroSurf kernel: ACPI: Added _OSI(Processor Device)
Feb 15 15:42:26 manjaroSurf kernel: ACPI: Added _OSI(3.0 _SCP Extensions)
Feb 15 15:42:26 manjaroSurf kernel: ACPI: Added _OSI(Processor Aggregator Device)
Feb 15 15:42:26 manjaroSurf kernel: ACPI: Added _OSI(Linux-Dell-Video)
Feb 15 15:42:26 manjaroSurf kernel: ACPI: 6 ACPI AML tables successfully acquired and loaded
Feb 15 15:42:26 manjaroSurf kernel: ACPI: [Firmware Bug]: BIOS _OSI(Linux) query ignored
Feb 15 15:42:26 manjaroSurf kernel: ACPI: Dynamic OEM Table Load:
Feb 15 15:42:26 manjaroSurf kernel: ACPI: SSDT 0xFFFF926D65683000 000672 (v02 PmRef  Cpu0Ist  00003000 INTL 20160422)
Feb 15 15:42:26 manjaroSurf kernel: ACPI: \_PR_.PR00: _OSC native thermal LVT Acked
Feb 15 15:42:26 manjaroSurf kernel: ACPI: Dynamic OEM Table Load:
Feb 15 15:42:26 manjaroSurf kernel: ACPI: SSDT 0xFFFF926D65045000 0003FF (v02 PmRef  Cpu0Cst  00003001 INTL 20160422)
Feb 15 15:42:26 manjaroSurf kernel: ACPI: Dynamic OEM Table Load:
Feb 15 15:42:26 manjaroSurf kernel: ACPI: SSDT 0xFFFF926D656903C0 0000BA (v02 PmRef  Cpu0Hwp  00003000 INTL 20160422)
Feb 15 15:42:26 manjaroSurf kernel: ACPI: Dynamic OEM Table Load:
Feb 15 15:42:26 manjaroSurf kernel: ACPI: SSDT 0xFFFF926D65683800 000628 (v02 PmRef  HwpLvt   00003000 INTL 20160422)
Feb 15 15:42:26 manjaroSurf kernel: ACPI: Dynamic OEM Table Load:
Feb 15 15:42:26 manjaroSurf kernel: ACPI: SSDT 0xFFFF926D65736000 000D14 (v02 PmRef  ApIst    00003000 INTL 20160422)
Feb 15 15:42:26 manjaroSurf kernel: ACPI: Dynamic OEM Table Load:
Feb 15 15:42:26 manjaroSurf kernel: ACPI: SSDT 0xFFFF926D65112000 000317 (v02 PmRef  ApHwp    00003000 INTL 20160422)
Feb 15 15:42:26 manjaroSurf kernel: ACPI: Dynamic OEM Table Load:
Feb 15 15:42:26 manjaroSurf kernel: ACPI: SSDT 0xFFFF926D65045800 00030A (v02 PmRef  ApCst    00003000 INTL 20160422)
Feb 15 15:42:26 manjaroSurf kernel: ACPI: EC: EC started
Feb 15 15:42:26 manjaroSurf kernel: ACPI: EC: interrupt blocked
Feb 15 15:42:26 manjaroSurf kernel: ACPI: \_SB_.PCI0.LPCB.EC0_: Used as first EC
Feb 15 15:42:26 manjaroSurf kernel: ACPI: \_SB_.PCI0.LPCB.EC0_: GPE=0x50, EC_CMD/EC_SC=0x66, EC_DATA=0x62
Feb 15 15:42:26 manjaroSurf kernel: ACPI: \_SB_.PCI0.LPCB.EC0_: Used as boot DSDT EC to handle transactions
Feb 15 15:42:26 manjaroSurf kernel: ACPI: Interpreter enabled
Feb 15 15:42:26 manjaroSurf kernel: ACPI: (supports S0 S4 S5)
Feb 15 15:42:26 manjaroSurf kernel: ACPI: Using IOAPIC for interrupt routing
Feb 15 15:42:26 manjaroSurf kernel: PCI: Using host bridge windows from ACPI; if necessary, use "pci=nocrs" and report a bug
Feb 15 15:42:26 manjaroSurf kernel: ACPI: Enabled 11 GPEs in block 00 to 7F
Feb 15 15:42:26 manjaroSurf kernel: ACPI: Power Resource [PX01] (on)
Feb 15 15:42:26 manjaroSurf kernel: ACPI: Power Resource [PX02] (on)
Feb 15 15:42:26 manjaroSurf kernel: ACPI: Power Resource [PX03] (on)
Feb 15 15:42:26 manjaroSurf kernel: ACPI: Power Resource [PX04] (on)
Feb 15 15:42:26 manjaroSurf kernel: ACPI: Power Resource [PX05] (on)
Feb 15 15:42:26 manjaroSurf kernel: ACPI: Power Resource [PX06] (on)
Feb 15 15:42:26 manjaroSurf kernel: ACPI: Power Resource [PX07] (on)
Feb 15 15:42:26 manjaroSurf kernel: ACPI: Power Resource [USBC] (on)
Feb 15 15:42:26 manjaroSurf kernel: ACPI: Power Resource [PAUD] (on)
Feb 15 15:42:26 manjaroSurf kernel: ACPI: Power Resource [PXP] (off)
Feb 15 15:42:26 manjaroSurf kernel: ACPI: Power Resource [PXP] (off)
Feb 15 15:42:26 manjaroSurf kernel: ACPI: Power Resource [PRWF] (on)
Feb 15 15:42:26 manjaroSurf kernel: ACPI: Power Resource [CAMP] (on)
Feb 15 15:42:26 manjaroSurf kernel: ACPI: PCI Root Bridge [PCI0] (domain 0000 [bus 00-fe])
Feb 15 15:42:26 manjaroSurf kernel: acpi PNP0A08:00: _OSC: OS supports [ExtendedConfig Segments MSI]
Feb 15 15:42:26 manjaroSurf kernel: acpi PNP0A08:00: PCIe port services disabled; not requesting _OSC control
Feb 15 15:42:26 manjaroSurf kernel: PCI host bridge to bus 0000:00
Feb 15 15:42:26 manjaroSurf kernel: pci_bus 0000:00: root bus resource [io  0x0000-0x0cf7 window]
Feb 15 15:42:26 manjaroSurf kernel: pci_bus 0000:00: root bus resource [io  0x0d00-0xffff window]
Feb 15 15:42:26 manjaroSurf kernel: pci_bus 0000:00: root bus resource [mem 0x000a0000-0x000bffff window]
Feb 15 15:42:26 manjaroSurf kernel: pci_bus 0000:00: root bus resource [mem 0x000c0000-0x000c3fff window]
Feb 15 15:42:26 manjaroSurf kernel: pci_bus 0000:00: root bus resource [mem 0x000c4000-0x000c7fff window]
Feb 15 15:42:26 manjaroSurf kernel: pci_bus 0000:00: root bus resource [mem 0x000c8000-0x000cbfff window]
Feb 15 15:42:26 manjaroSurf kernel: pci_bus 0000:00: root bus resource [mem 0x000cc000-0x000cffff window]
Feb 15 15:42:26 manjaroSurf kernel: pci_bus 0000:00: root bus resource [mem 0x000d0000-0x000d3fff window]
Feb 15 15:42:26 manjaroSurf kernel: pci_bus 0000:00: root bus resource [mem 0x000d4000-0x000d7fff window]
Feb 15 15:42:26 manjaroSurf kernel: pci_bus 0000:00: root bus resource [mem 0x000d8000-0x000dbfff window]
Feb 15 15:42:26 manjaroSurf kernel: pci_bus 0000:00: root bus resource [mem 0x000dc000-0x000dffff window]
Feb 15 15:42:26 manjaroSurf kernel: pci_bus 0000:00: root bus resource [mem 0x000e0000-0x000e3fff window]
Feb 15 15:42:26 manjaroSurf kernel: pci_bus 0000:00: root bus resource [mem 0x000e4000-0x000e7fff window]
Feb 15 15:42:26 manjaroSurf kernel: pci_bus 0000:00: root bus resource [mem 0x000e8000-0x000ebfff window]
Feb 15 15:42:26 manjaroSurf kernel: pci_bus 0000:00: root bus resource [mem 0x000ec000-0x000effff window]
Feb 15 15:42:26 manjaroSurf kernel: pci_bus 0000:00: root bus resource [mem 0x000f0000-0x000fffff window]
Feb 15 15:42:26 manjaroSurf kernel: pci_bus 0000:00: root bus resource [mem 0x8f800000-0xdfffffff window]
Feb 15 15:42:26 manjaroSurf kernel: pci_bus 0000:00: root bus resource [mem 0xfd000000-0xfe7fffff window]
Feb 15 15:42:26 manjaroSurf kernel: pci_bus 0000:00: root bus resource [bus 00-fe]
Feb 15 15:42:26 manjaroSurf kernel: pci 0000:00:00.0: [8086:1904] type 00 class 0x060000
Feb 15 15:42:26 manjaroSurf kernel: pci 0000:00:02.0: [8086:1916] type 00 class 0x030000
Feb 15 15:42:26 manjaroSurf kernel: pci 0000:00:02.0: reg 0x10: [mem 0xa0000000-0xa0ffffff 64bit]
Feb 15 15:42:26 manjaroSurf kernel: pci 0000:00:02.0: reg 0x18: [mem 0x90000000-0x9fffffff 64bit pref]
Feb 15 15:42:26 manjaroSurf kernel: pci 0000:00:02.0: reg 0x20: [io  0x3000-0x303f]
Feb 15 15:42:26 manjaroSurf kernel: pci 0000:00:02.0: BAR 2: assigned to efifb
Feb 15 15:42:26 manjaroSurf kernel: pci 0000:00:05.0: [8086:1919] type 00 class 0x048000
Feb 15 15:42:26 manjaroSurf kernel: pci 0000:00:05.0: reg 0x10: [mem 0xa1000000-0xa13fffff 64bit]
Feb 15 15:42:26 manjaroSurf kernel: pci 0000:00:08.0: [8086:1911] type 00 class 0x088000
Feb 15 15:42:26 manjaroSurf kernel: pci 0000:00:08.0: reg 0x10: [mem 0xa1738000-0xa1738fff 64bit]
Feb 15 15:42:26 manjaroSurf kernel: pci 0000:00:14.0: [8086:9d2f] type 00 class 0x0c0330
Feb 15 15:42:26 manjaroSurf kernel: pci 0000:00:14.0: reg 0x10: [mem 0xa1700000-0xa170ffff 64bit]
Feb 15 15:42:26 manjaroSurf kernel: pci 0000:00:14.0: PME# supported from D3hot D3cold
Feb 15 15:42:26 manjaroSurf kernel: pci 0000:00:14.2: [8086:9d31] type 00 class 0x118000
Feb 15 15:42:26 manjaroSurf kernel: pci 0000:00:14.2: reg 0x10: [mem 0xa1739000-0xa1739fff 64bit]
Feb 15 15:42:26 manjaroSurf kernel: pci 0000:00:14.3: [8086:9d32] type 00 class 0x048000
Feb 15 15:42:26 manjaroSurf kernel: pci 0000:00:14.3: reg 0x10: [mem 0xa1710000-0xa171ffff 64bit]
Feb 15 15:42:26 manjaroSurf kernel: pci 0000:00:15.0: [8086:9d60] type 00 class 0x118000
Feb 15 15:42:26 manjaroSurf kernel: pci 0000:00:15.0: reg 0x10: [mem 0xa173a000-0xa173afff 64bit]
Feb 15 15:42:26 manjaroSurf kernel: pci 0000:00:15.1: [8086:9d61] type 00 class 0x118000
Feb 15 15:42:26 manjaroSurf kernel: pci 0000:00:15.1: reg 0x10: [mem 0xa173b000-0xa173bfff 64bit]
Feb 15 15:42:26 manjaroSurf kernel: pci 0000:00:15.2: [8086:9d62] type 00 class 0x118000
Feb 15 15:42:26 manjaroSurf kernel: pci 0000:00:15.2: reg 0x10: [mem 0xa173c000-0xa173cfff 64bit]
Feb 15 15:42:26 manjaroSurf kernel: pci 0000:00:15.3: [8086:9d63] type 00 class 0x118000
Feb 15 15:42:26 manjaroSurf kernel: pci 0000:00:15.3: reg 0x10: [mem 0xa173d000-0xa173dfff 64bit]
Feb 15 15:42:26 manjaroSurf kernel: pci 0000:00:16.0: [8086:9d3a] type 00 class 0x078000
Feb 15 15:42:26 manjaroSurf kernel: pci 0000:00:16.0: reg 0x10: [mem 0xa173e000-0xa173efff 64bit]
Feb 15 15:42:26 manjaroSurf kernel: pci 0000:00:16.0: PME# supported from D3hot
Feb 15 15:42:26 manjaroSurf kernel: pci 0000:00:16.4: [8086:9d3e] type 00 class 0x078000
Feb 15 15:42:26 manjaroSurf kernel: pci 0000:00:16.4: reg 0x10: [mem 0xa173f000-0xa173ffff 64bit]
Feb 15 15:42:26 manjaroSurf kernel: pci 0000:00:16.4: PME# supported from D3hot
Feb 15 15:42:26 manjaroSurf kernel: pci 0000:00:1c.0: [8086:9d14] type 01 class 0x060400
Feb 15 15:42:26 manjaroSurf kernel: pci 0000:00:1c.0: PME# supported from D0 D3hot D3cold
Feb 15 15:42:26 manjaroSurf kernel: pci 0000:00:1d.0: [8086:9d18] type 01 class 0x060400
Feb 15 15:42:26 manjaroSurf kernel: pci 0000:00:1d.0: PME# supported from D0 D3hot D3cold
Feb 15 15:42:26 manjaroSurf kernel: pci 0000:00:1f.0: [8086:9d48] type 00 class 0x060100
Feb 15 15:42:26 manjaroSurf kernel: pci 0000:00:1f.2: [8086:9d21] type 00 class 0x058000
Feb 15 15:42:26 manjaroSurf kernel: pci 0000:00:1f.2: reg 0x10: [mem 0xa1734000-0xa1737fff]
Feb 15 15:42:26 manjaroSurf kernel: pci 0000:00:1f.3: [8086:9d70] type 00 class 0x040380
Feb 15 15:42:26 manjaroSurf kernel: pci 0000:00:1f.3: reg 0x10: [mem 0xa1730000-0xa1733fff 64bit]
Feb 15 15:42:26 manjaroSurf kernel: pci 0000:00:1f.3: reg 0x20: [mem 0xa1720000-0xa172ffff 64bit]
Feb 15 15:42:26 manjaroSurf kernel: pci 0000:00:1f.3: PME# supported from D3hot D3cold
Feb 15 15:42:26 manjaroSurf kernel: pci 0000:01:00.0: [1179:010f] type 00 class 0x010802
Feb 15 15:42:26 manjaroSurf kernel: pci 0000:01:00.0: reg 0x10: [mem 0xa1600000-0xa1603fff 64bit]
Feb 15 15:42:26 manjaroSurf kernel: pci 0000:01:00.0: enabling Extended Tags
Feb 15 15:42:26 manjaroSurf kernel: pci 0000:00:1c.0: PCI bridge to [bus 01]
Feb 15 15:42:26 manjaroSurf kernel: pci 0000:00:1c.0:   bridge window [mem 0xa1600000-0xa16fffff]
Feb 15 15:42:26 manjaroSurf kernel: pci 0000:02:00.0: [11ab:2b38] type 00 class 0x020000
Feb 15 15:42:26 manjaroSurf kernel: pci 0000:02:00.0: reg 0x10: [mem 0xa1500000-0xa15fffff 64bit pref]
Feb 15 15:42:26 manjaroSurf kernel: pci 0000:02:00.0: reg 0x18: [mem 0xa1400000-0xa14fffff 64bit pref]
Feb 15 15:42:26 manjaroSurf kernel: pci 0000:02:00.0: supports D1 D2
Feb 15 15:42:26 manjaroSurf kernel: pci 0000:02:00.0: PME# supported from D0 D1 D3hot D3cold
Feb 15 15:42:26 manjaroSurf kernel: pci 0000:00:1d.0: PCI bridge to [bus 02]
Feb 15 15:42:26 manjaroSurf kernel: pci 0000:00:1d.0:   bridge window [mem 0xa1400000-0xa15fffff 64bit pref]
Feb 15 15:42:26 manjaroSurf kernel: ACPI: PCI Interrupt Link [LNKA] (IRQs 3 4 5 6 10 *11 12 14 15)
Feb 15 15:42:26 manjaroSurf kernel: ACPI: PCI Interrupt Link [LNKB] (IRQs 3 4 5 6 *10 11 12 14 15)
Feb 15 15:42:26 manjaroSurf kernel: ACPI: PCI Interrupt Link [LNKC] (IRQs 3 4 5 6 10 *11 12 14 15)
Feb 15 15:42:26 manjaroSurf kernel: ACPI: PCI Interrupt Link [LNKD] (IRQs 3 4 5 6 10 *11 12 14 15)
Feb 15 15:42:26 manjaroSurf kernel: ACPI: PCI Interrupt Link [LNKE] (IRQs 3 4 5 6 10 *11 12 14 15)
Feb 15 15:42:26 manjaroSurf kernel: ACPI: PCI Interrupt Link [LNKF] (IRQs 3 4 5 6 10 *11 12 14 15)
Feb 15 15:42:26 manjaroSurf kernel: ACPI: PCI Interrupt Link [LNKG] (IRQs 3 4 5 6 10 *11 12 14 15)
Feb 15 15:42:26 manjaroSurf kernel: ACPI: PCI Interrupt Link [LNKH] (IRQs 3 4 5 6 10 *11 12 14 15)
Feb 15 15:42:26 manjaroSurf kernel: ACPI Warning: GPE type mismatch (level/edge) (20180531/evxface-792)
Feb 15 15:42:26 manjaroSurf kernel: ACPI: EC: interrupt unblocked
Feb 15 15:42:26 manjaroSurf kernel: ACPI: EC: event unblocked
Feb 15 15:42:26 manjaroSurf kernel: ACPI: \_SB_.PCI0.LPCB.EC0_: GPE=0x50, EC_CMD/EC_SC=0x66, EC_DATA=0x62
Feb 15 15:42:26 manjaroSurf kernel: ACPI: \_SB_.PCI0.LPCB.EC0_: Used as boot DSDT EC to handle transactions and events
Feb 15 15:42:26 manjaroSurf kernel: pci 0000:00:02.0: vgaarb: setting as boot VGA device
Feb 15 15:42:26 manjaroSurf kernel: pci 0000:00:02.0: vgaarb: VGA device added: decodes=io+mem,owns=io+mem,locks=none
Feb 15 15:42:26 manjaroSurf kernel: pci 0000:00:02.0: vgaarb: bridge control possible
Feb 15 15:42:26 manjaroSurf kernel: vgaarb: loaded
Feb 15 15:42:26 manjaroSurf kernel: pps_core: LinuxPPS API ver. 1 registered
Feb 15 15:42:26 manjaroSurf kernel: pps_core: Software ver. 5.3.6 - Copyright 2005-2007 Rodolfo Giometti <giometti@linux.it>
Feb 15 15:42:26 manjaroSurf kernel: PTP clock support registered
Feb 15 15:42:26 manjaroSurf kernel: EDAC MC: Ver: 3.0.0
Feb 15 15:42:26 manjaroSurf kernel: Registered efivars operations
Feb 15 15:42:26 manjaroSurf kernel: PCI: Using ACPI for IRQ routing
Feb 15 15:42:26 manjaroSurf kernel: PCI: pci_cache_line_size set to 64 bytes
Feb 15 15:42:26 manjaroSurf kernel: e820: reserve RAM buffer [mem 0x00058000-0x0005ffff]
Feb 15 15:42:26 manjaroSurf kernel: e820: reserve RAM buffer [mem 0x0009e000-0x0009ffff]
Feb 15 15:42:26 manjaroSurf kernel: e820: reserve RAM buffer [mem 0x8aa08000-0x8bffffff]
Feb 15 15:42:26 manjaroSurf kernel: e820: reserve RAM buffer [mem 0x8bdaf000-0x8bffffff]
Feb 15 15:42:26 manjaroSurf kernel: e820: reserve RAM buffer [mem 0x8bf00000-0x8bffffff]
Feb 15 15:42:26 manjaroSurf kernel: e820: reserve RAM buffer [mem 0x26f800000-0x26fffffff]
Feb 15 15:42:26 manjaroSurf kernel: NetLabel: Initializing
Feb 15 15:42:26 manjaroSurf kernel: NetLabel:  domain hash size = 128
Feb 15 15:42:26 manjaroSurf kernel: NetLabel:  protocols = UNLABELED CIPSOv4 CALIPSO
Feb 15 15:42:26 manjaroSurf kernel: NetLabel:  unlabeled traffic allowed by default
Feb 15 15:42:26 manjaroSurf kernel: hpet0: at MMIO 0xfed00000, IRQs 2, 8, 0, 0, 0, 0, 0, 0
Feb 15 15:42:26 manjaroSurf kernel: hpet0: 8 comparators, 64-bit 24.000000 MHz counter
Feb 15 15:42:26 manjaroSurf kernel: clocksource: Switched to clocksource tsc-early
Feb 15 15:42:26 manjaroSurf kernel: VFS: Disk quotas dquot_6.6.0
Feb 15 15:42:26 manjaroSurf kernel: VFS: Dquot-cache hash table entries: 512 (order 0, 4096 bytes)
Feb 15 15:42:26 manjaroSurf kernel: pnp: PnP ACPI init
Feb 15 15:42:26 manjaroSurf kernel: system 00:00: [mem 0xfd000000-0xfdabffff] has been reserved
Feb 15 15:42:26 manjaroSurf kernel: system 00:00: [mem 0xfdad0000-0xfdadffff] has been reserved
Feb 15 15:42:26 manjaroSurf kernel: system 00:00: [mem 0xfdb00000-0xfdffffff] has been reserved
Feb 15 15:42:26 manjaroSurf kernel: system 00:00: [mem 0xfe000000-0xfe01ffff] could not be reserved
Feb 15 15:42:26 manjaroSurf kernel: system 00:00: [mem 0xfe036000-0xfe03bfff] has been reserved
Feb 15 15:42:26 manjaroSurf kernel: system 00:00: [mem 0xfe03d000-0xfe3fffff] has been reserved
Feb 15 15:42:26 manjaroSurf kernel: system 00:00: [mem 0xfe410000-0xfe7fffff] has been reserved
Feb 15 15:42:26 manjaroSurf kernel: system 00:00: Plug and Play ACPI device, IDs PNP0c02 (active)
Feb 15 15:42:26 manjaroSurf kernel: system 00:01: [io  0x2000-0x20fe] has been reserved
Feb 15 15:42:26 manjaroSurf kernel: system 00:01: Plug and Play ACPI device, IDs PNP0c02 (active)
Feb 15 15:42:26 manjaroSurf kernel: system 00:02: [io  0x0680-0x069f] has been reserved
Feb 15 15:42:26 manjaroSurf kernel: system 00:02: [io  0xffff] has been reserved
Feb 15 15:42:26 manjaroSurf kernel: system 00:02: [io  0xffff] has been reserved
Feb 15 15:42:26 manjaroSurf kernel: system 00:02: [io  0xffff] has been reserved
Feb 15 15:42:26 manjaroSurf kernel: system 00:02: [io  0x1800-0x18fe] has been reserved
Feb 15 15:42:26 manjaroSurf kernel: system 00:02: [io  0x164e-0x164f] has been reserved
Feb 15 15:42:26 manjaroSurf kernel: system 00:02: Plug and Play ACPI device, IDs PNP0c02 (active)
Feb 15 15:42:26 manjaroSurf kernel: pnp 00:03: Plug and Play ACPI device, IDs PNP0b00 (active)
Feb 15 15:42:26 manjaroSurf kernel: system 00:04: [io  0x1854-0x1857] has been reserved
Feb 15 15:42:26 manjaroSurf kernel: system 00:04: Plug and Play ACPI device, IDs INT3f0d PNP0c02 (active)
Feb 15 15:42:26 manjaroSurf kernel: random: fast init done
Feb 15 15:42:26 manjaroSurf kernel: system 00:05: [mem 0xfe020000-0xfe021fff] has been reserved
Feb 15 15:42:26 manjaroSurf kernel: system 00:05: [mem 0xfe022000-0xfe023fff] has been reserved
Feb 15 15:42:26 manjaroSurf kernel: system 00:05: [mem 0xfe024000-0xfe025fff] has been reserved
Feb 15 15:42:26 manjaroSurf kernel: system 00:05: [mem 0xfe026000-0xfe027fff] has been reserved
Feb 15 15:42:26 manjaroSurf kernel: system 00:05: [mem 0xfe028000-0xfe029fff] has been reserved
Feb 15 15:42:26 manjaroSurf kernel: system 00:05: [mem 0xfe02a000-0xfe02bfff] has been reserved
Feb 15 15:42:26 manjaroSurf kernel: system 00:05: [mem 0xfe02c000-0xfe02dfff] has been reserved
Feb 15 15:42:26 manjaroSurf kernel: system 00:05: [mem 0xfe02e000-0xfe02ffff] has been reserved
Feb 15 15:42:26 manjaroSurf kernel: system 00:05: [mem 0xfe030000-0xfe031fff] has been reserved
Feb 15 15:42:26 manjaroSurf kernel: system 00:05: [mem 0xfe032000-0xfe033fff] has been reserved
Feb 15 15:42:26 manjaroSurf kernel: system 00:05: [mem 0xfe034000-0xfe035fff] has been reserved
Feb 15 15:42:26 manjaroSurf kernel: system 00:05: Plug and Play ACPI device, IDs PNP0c02 (active)
Feb 15 15:42:26 manjaroSurf kernel: system 00:06: [mem 0xfed10000-0xfed17fff] has been reserved
Feb 15 15:42:26 manjaroSurf kernel: system 00:06: [mem 0xfed18000-0xfed18fff] has been reserved
Feb 15 15:42:26 manjaroSurf kernel: system 00:06: [mem 0xfed19000-0xfed19fff] has been reserved
Feb 15 15:42:26 manjaroSurf kernel: system 00:06: [mem 0xe0000000-0xefffffff] has been reserved
Feb 15 15:42:26 manjaroSurf kernel: system 00:06: [mem 0xfed20000-0xfed3ffff] has been reserved
Feb 15 15:42:26 manjaroSurf kernel: system 00:06: [mem 0xfed90000-0xfed93fff] could not be reserved
Feb 15 15:42:26 manjaroSurf kernel: system 00:06: [mem 0xfed45000-0xfed8ffff] has been reserved
Feb 15 15:42:26 manjaroSurf kernel: system 00:06: [mem 0xff000000-0xffffffff] has been reserved
Feb 15 15:42:26 manjaroSurf kernel: system 00:06: [mem 0xfee00000-0xfeefffff] has been reserved
Feb 15 15:42:26 manjaroSurf kernel: system 00:06: [mem 0x8f800000-0x8f81ffff] has been reserved
Feb 15 15:42:26 manjaroSurf kernel: system 00:06: Plug and Play ACPI device, IDs PNP0c02 (active)
Feb 15 15:42:26 manjaroSurf kernel: pnp: PnP ACPI: found 7 devices
Feb 15 15:42:26 manjaroSurf kernel: clocksource: acpi_pm: mask: 0xffffff max_cycles: 0xffffff, max_idle_ns: 2085701024 ns
Feb 15 15:42:26 manjaroSurf kernel: pci 0000:00:1c.0: PCI bridge to [bus 01]
Feb 15 15:42:26 manjaroSurf kernel: pci 0000:00:1c.0:   bridge window [mem 0xa1600000-0xa16fffff]
Feb 15 15:42:26 manjaroSurf kernel: pci 0000:00:1d.0: PCI bridge to [bus 02]
Feb 15 15:42:26 manjaroSurf kernel: pci 0000:00:1d.0:   bridge window [mem 0xa1400000-0xa15fffff 64bit pref]
Feb 15 15:42:26 manjaroSurf kernel: pci_bus 0000:00: resource 4 [io  0x0000-0x0cf7 window]
Feb 15 15:42:26 manjaroSurf kernel: pci_bus 0000:00: resource 5 [io  0x0d00-0xffff window]
Feb 15 15:42:26 manjaroSurf kernel: pci_bus 0000:00: resource 6 [mem 0x000a0000-0x000bffff window]
Feb 15 15:42:26 manjaroSurf kernel: pci_bus 0000:00: resource 7 [mem 0x000c0000-0x000c3fff window]
Feb 15 15:42:26 manjaroSurf kernel: pci_bus 0000:00: resource 8 [mem 0x000c4000-0x000c7fff window]
Feb 15 15:42:26 manjaroSurf kernel: pci_bus 0000:00: resource 9 [mem 0x000c8000-0x000cbfff window]
Feb 15 15:42:26 manjaroSurf kernel: pci_bus 0000:00: resource 10 [mem 0x000cc000-0x000cffff window]
Feb 15 15:42:26 manjaroSurf kernel: pci_bus 0000:00: resource 11 [mem 0x000d0000-0x000d3fff window]
Feb 15 15:42:26 manjaroSurf kernel: pci_bus 0000:00: resource 12 [mem 0x000d4000-0x000d7fff window]
Feb 15 15:42:26 manjaroSurf kernel: pci_bus 0000:00: resource 13 [mem 0x000d8000-0x000dbfff window]
Feb 15 15:42:26 manjaroSurf kernel: pci_bus 0000:00: resource 14 [mem 0x000dc000-0x000dffff window]
Feb 15 15:42:26 manjaroSurf kernel: pci_bus 0000:00: resource 15 [mem 0x000e0000-0x000e3fff window]
Feb 15 15:42:26 manjaroSurf kernel: pci_bus 0000:00: resource 16 [mem 0x000e4000-0x000e7fff window]
Feb 15 15:42:26 manjaroSurf kernel: pci_bus 0000:00: resource 17 [mem 0x000e8000-0x000ebfff window]
Feb 15 15:42:26 manjaroSurf kernel: pci_bus 0000:00: resource 18 [mem 0x000ec000-0x000effff window]
Feb 15 15:42:26 manjaroSurf kernel: pci_bus 0000:00: resource 19 [mem 0x000f0000-0x000fffff window]
Feb 15 15:42:26 manjaroSurf kernel: pci_bus 0000:00: resource 20 [mem 0x8f800000-0xdfffffff window]
Feb 15 15:42:26 manjaroSurf kernel: pci_bus 0000:00: resource 21 [mem 0xfd000000-0xfe7fffff window]
Feb 15 15:42:26 manjaroSurf kernel: pci_bus 0000:01: resource 1 [mem 0xa1600000-0xa16fffff]
Feb 15 15:42:26 manjaroSurf kernel: pci_bus 0000:02: resource 2 [mem 0xa1400000-0xa15fffff 64bit pref]
Feb 15 15:42:26 manjaroSurf kernel: NET: Registered protocol family 2
Feb 15 15:42:26 manjaroSurf kernel: tcp_listen_portaddr_hash hash table entries: 4096 (order: 4, 65536 bytes)
Feb 15 15:42:26 manjaroSurf kernel: TCP established hash table entries: 65536 (order: 7, 524288 bytes)
Feb 15 15:42:26 manjaroSurf kernel: TCP bind hash table entries: 65536 (order: 8, 1048576 bytes)
Feb 15 15:42:26 manjaroSurf kernel: TCP: Hash tables configured (established 65536 bind 65536)
Feb 15 15:42:26 manjaroSurf kernel: UDP hash table entries: 4096 (order: 5, 131072 bytes)
Feb 15 15:42:26 manjaroSurf kernel: UDP-Lite hash table entries: 4096 (order: 5, 131072 bytes)
Feb 15 15:42:26 manjaroSurf kernel: NET: Registered protocol family 1
Feb 15 15:42:26 manjaroSurf kernel: pci 0000:00:02.0: Video device with shadowed ROM at [mem 0x000c0000-0x000dffff]
Feb 15 15:42:26 manjaroSurf kernel: PCI: CLS 0 bytes, default 64
Feb 15 15:42:26 manjaroSurf kernel: Unpacking initramfs...
Feb 15 15:42:26 manjaroSurf kernel: Freeing initrd memory: 9196K
Feb 15 15:42:26 manjaroSurf kernel: DMAR: ACPI device "device:72" under DMAR at fed91000 as 00:15.0
Feb 15 15:42:26 manjaroSurf kernel: DMAR: ACPI device "device:73" under DMAR at fed91000 as 00:15.1
Feb 15 15:42:26 manjaroSurf kernel: DMAR: ACPI device "device:74" under DMAR at fed91000 as 00:15.2
Feb 15 15:42:26 manjaroSurf kernel: DMAR: ACPI device "device:75" under DMAR at fed91000 as 00:15.3
Feb 15 15:42:26 manjaroSurf kernel: PCI-DMA: Using software bounce buffering for IO (SWIOTLB)
Feb 15 15:42:26 manjaroSurf kernel: software IO TLB [mem 0x82da7000-0x86da7000] (64MB) mapped at [(____ptrval____)-(____ptrval____)]
Feb 15 15:42:26 manjaroSurf kernel: clocksource: tsc: mask: 0xffffffffffffffff max_cycles: 0x23fa772cf26, max_idle_ns: 440795269835 ns
Feb 15 15:42:26 manjaroSurf kernel: clocksource: Switched to clocksource tsc
Feb 15 15:42:26 manjaroSurf kernel: Scanning for low memory corruption every 60 seconds
Feb 15 15:42:26 manjaroSurf kernel: Initialise system trusted keyrings
Feb 15 15:42:26 manjaroSurf kernel: Key type blacklist registered
Feb 15 15:42:26 manjaroSurf kernel: workingset: timestamp_bits=44 max_order=21 bucket_order=0
Feb 15 15:42:26 manjaroSurf kernel: zbud: loaded
Feb 15 15:42:26 manjaroSurf kernel: pstore: using deflate compression
Feb 15 15:42:26 manjaroSurf kernel: Key type asymmetric registered
Feb 15 15:42:26 manjaroSurf kernel: Asymmetric key parser 'x509' registered
Feb 15 15:42:26 manjaroSurf kernel: Block layer SCSI generic (bsg) driver version 0.4 loaded (major 245)
Feb 15 15:42:26 manjaroSurf kernel: io scheduler noop registered
Feb 15 15:42:26 manjaroSurf kernel: io scheduler deadline registered
Feb 15 15:42:26 manjaroSurf kernel: io scheduler cfq registered (default)
Feb 15 15:42:26 manjaroSurf kernel: io scheduler mq-deadline registered
Feb 15 15:42:26 manjaroSurf kernel: io scheduler kyber registered
Feb 15 15:42:26 manjaroSurf kernel: io scheduler bfq registered
Feb 15 15:42:26 manjaroSurf kernel: efifb: probing for efifb
Feb 15 15:42:26 manjaroSurf kernel: efifb: framebuffer at 0x90000000, using 19496k, total 19494k
Feb 15 15:42:26 manjaroSurf kernel: efifb: mode is 2736x1824x32, linelength=10944, pages=1
Feb 15 15:42:26 manjaroSurf kernel: efifb: scrolling: redraw
Feb 15 15:42:26 manjaroSurf kernel: efifb: Truecolor: size=8:8:8:8, shift=24:16:8:0
Feb 15 15:42:26 manjaroSurf kernel: Console: switching to colour frame buffer device 342x114
Feb 15 15:42:26 manjaroSurf kernel: fb0: EFI VGA frame buffer device
Feb 15 15:42:26 manjaroSurf kernel: intel_idle: MWAIT substates: 0x11142120
Feb 15 15:42:26 manjaroSurf kernel: intel_idle: v0.4.1 model 0x4E
Feb 15 15:42:26 manjaroSurf kernel: intel_idle: lapic_timer_reliable_states 0xffffffff
Feb 15 15:42:26 manjaroSurf kernel: input: Lid Switch as /devices/LNXSYSTM:00/LNXSYBUS:00/PNP0C0D:00/input/input0
Feb 15 15:42:26 manjaroSurf kernel: ACPI: Lid Switch [LID0]
Feb 15 15:42:26 manjaroSurf kernel: thermal LNXTHERM:00: registered as thermal_zone0
Feb 15 15:42:26 manjaroSurf kernel: ACPI: Thermal Zone [TZ00] (27 C)
Feb 15 15:42:26 manjaroSurf kernel: thermal LNXTHERM:01: registered as thermal_zone1
Feb 15 15:42:26 manjaroSurf kernel: ACPI: Thermal Zone [TZ01] (0 C)
Feb 15 15:42:26 manjaroSurf kernel: thermal LNXTHERM:02: registered as thermal_zone2
Feb 15 15:42:26 manjaroSurf kernel: ACPI: Thermal Zone [TZ02] (20 C)
Feb 15 15:42:26 manjaroSurf kernel: thermal LNXTHERM:03: registered as thermal_zone3
Feb 15 15:42:26 manjaroSurf kernel: ACPI: Thermal Zone [TZ03] (21 C)
Feb 15 15:42:26 manjaroSurf kernel: Serial: 8250/16550 driver, 4 ports, IRQ sharing enabled
Feb 15 15:42:26 manjaroSurf kernel: nvme nvme0: pci function 0000:01:00.0
Feb 15 15:42:26 manjaroSurf kernel: intel_pstate: Intel P-state driver initializing
Feb 15 15:42:26 manjaroSurf kernel: intel_pstate: HWP enabled
Feb 15 15:42:26 manjaroSurf kernel: ledtrig-cpu: registered to indicate activity on CPUs
Feb 15 15:42:26 manjaroSurf kernel: intel_pmc_core:  initialized
Feb 15 15:42:26 manjaroSurf kernel: NET: Registered protocol family 10
Feb 15 15:42:26 manjaroSurf kernel: Segment Routing with IPv6
Feb 15 15:42:26 manjaroSurf kernel: NET: Registered protocol family 17
Feb 15 15:42:26 manjaroSurf kernel: RAS: Correctable Errors collector initialized.
Feb 15 15:42:26 manjaroSurf kernel: microcode: sig=0x406e3, pf=0x80, revision=0xc6
Feb 15 15:42:26 manjaroSurf kernel: microcode: Microcode Update Driver: v2.2.
Feb 15 15:42:26 manjaroSurf kernel: sched_clock: Marking stable (726729757, 0)->(722052350, 4677407)
Feb 15 15:42:26 manjaroSurf kernel: registered taskstats version 1
Feb 15 15:42:26 manjaroSurf kernel: Loading compiled-in X.509 certificates
Feb 15 15:42:26 manjaroSurf kernel: zswap: loaded using pool lzo/zbud
Feb 15 15:42:26 manjaroSurf kernel: Key type big_key registered
Feb 15 15:42:26 manjaroSurf kernel:   Magic number: 7:271:738
Feb 15 15:42:26 manjaroSurf kernel: hctosys: unable to open rtc device (rtc0)
Feb 15 15:42:26 manjaroSurf kernel:  nvme0n1: p1 p2 p3 p4 p5 p6
Feb 15 15:42:26 manjaroSurf kernel: Freeing unused kernel image memory: 1480K
Feb 15 15:42:26 manjaroSurf kernel: Write protecting the kernel read-only data: 16384k
Feb 15 15:42:26 manjaroSurf kernel: Freeing unused kernel image memory: 2016K
Feb 15 15:42:26 manjaroSurf kernel: Freeing unused kernel image memory: 720K
Feb 15 15:42:26 manjaroSurf kernel: ACPI: bus type USB registered
Feb 15 15:42:26 manjaroSurf kernel: usbcore: registered new interface driver usbfs
Feb 15 15:42:26 manjaroSurf kernel: usbcore: registered new interface driver hub
Feb 15 15:42:26 manjaroSurf kernel: usbcore: registered new device driver usb
Feb 15 15:42:26 manjaroSurf kernel: xhci_hcd 0000:00:14.0: xHCI Host Controller
Feb 15 15:42:26 manjaroSurf kernel: xhci_hcd 0000:00:14.0: new USB bus registered, assigned bus number 1
Feb 15 15:42:26 manjaroSurf kernel: xhci_hcd 0000:00:14.0: hcc params 0x200077c1 hci version 0x100 quirks 0x0000000001109810
Feb 15 15:42:26 manjaroSurf kernel: xhci_hcd 0000:00:14.0: cache line size of 64 is not supported
Feb 15 15:42:26 manjaroSurf kernel: usb usb1: New USB device found, idVendor=1d6b, idProduct=0002, bcdDevice= 4.18
Feb 15 15:42:26 manjaroSurf kernel: usb usb1: New USB device strings: Mfr=3, Product=2, SerialNumber=1
Feb 15 15:42:26 manjaroSurf kernel: usb usb1: Product: xHCI Host Controller
Feb 15 15:42:26 manjaroSurf kernel: usb usb1: Manufacturer: Linux 4.18.20-4-surface xhci-hcd
Feb 15 15:42:26 manjaroSurf kernel: usb usb1: SerialNumber: 0000:00:14.0
Feb 15 15:42:26 manjaroSurf kernel: hub 1-0:1.0: USB hub found
Feb 15 15:42:26 manjaroSurf kernel: hub 1-0:1.0: 12 ports detected
Feb 15 15:42:26 manjaroSurf kernel: xhci_hcd 0000:00:14.0: xHCI Host Controller
Feb 15 15:42:26 manjaroSurf kernel: xhci_hcd 0000:00:14.0: new USB bus registered, assigned bus number 2
Feb 15 15:42:26 manjaroSurf kernel: xhci_hcd 0000:00:14.0: Host supports USB 3.0  SuperSpeed
Feb 15 15:42:26 manjaroSurf kernel: usb usb2: New USB device found, idVendor=1d6b, idProduct=0003, bcdDevice= 4.18
Feb 15 15:42:26 manjaroSurf kernel: usb usb2: New USB device strings: Mfr=3, Product=2, SerialNumber=1
Feb 15 15:42:26 manjaroSurf kernel: usb usb2: Product: xHCI Host Controller
Feb 15 15:42:26 manjaroSurf kernel: usb usb2: Manufacturer: Linux 4.18.20-4-surface xhci-hcd
Feb 15 15:42:26 manjaroSurf kernel: usb usb2: SerialNumber: 0000:00:14.0
Feb 15 15:42:26 manjaroSurf kernel: hub 2-0:1.0: USB hub found
Feb 15 15:42:26 manjaroSurf kernel: hub 2-0:1.0: 6 ports detected
Feb 15 15:42:26 manjaroSurf kernel: EXT4-fs (nvme0n1p6): mounted filesystem with ordered data mode. Opts: (null)
Feb 15 15:42:26 manjaroSurf systemd[1]: systemd 239 running in system mode. (+PAM +AUDIT -SELINUX -IMA -APPARMOR +SMACK -SYSVINIT +UTMP +LIBCRYPTSETUP +GCRYPT +GNUTLS +ACL +XZ +LZ4 +SECCOMP +BLKID +ELFUTILS +KMOD +IDN2 -IDN +PCRE2 default-hierarchy=hybrid)
Feb 15 15:42:26 manjaroSurf systemd[1]: Detected architecture x86-64.
Feb 15 15:42:26 manjaroSurf systemd[1]: Set hostname to <manjaroSurf>.
Feb 15 15:42:26 manjaroSurf kernel: random: systemd: uninitialized urandom read (16 bytes read)
Feb 15 15:42:26 manjaroSurf systemd[1]: Listening on LVM2 metadata daemon socket.
Feb 15 15:42:26 manjaroSurf kernel: random: systemd: uninitialized urandom read (16 bytes read)
Feb 15 15:42:26 manjaroSurf systemd[1]: Listening on Journal Socket (/dev/log).
Feb 15 15:42:26 manjaroSurf kernel: random: systemd: uninitialized urandom read (16 bytes read)
Feb 15 15:42:26 manjaroSurf systemd[1]: Set up automount Arbitrary Executable File Formats File System Automount Point.
Feb 15 15:42:26 manjaroSurf systemd[1]: Created slice system-getty.slice.
Feb 15 15:42:26 manjaroSurf systemd[1]: Reached target Login Prompts.
Feb 15 15:42:26 manjaroSurf systemd[1]: Listening on Journal Socket.
Feb 15 15:42:26 manjaroSurf systemd[1]: Starting Remount Root and Kernel File Systems...
Feb 15 15:42:26 manjaroSurf kernel: EXT4-fs (nvme0n1p6): re-mounted. Opts: (null)
Feb 15 15:42:26 manjaroSurf systemd-journald[213]: Journal started
Feb 15 15:42:26 manjaroSurf systemd-journald[213]: Runtime journal (/run/log/journal/c835c7fb6fed40fa95b716f817b6ba5d) is 8.0M, max 395.2M, 387.2M free.
Feb 15 15:42:26 manjaroSurf systemd-modules-load[210]: Inserted module 'crypto_user'
Feb 15 15:42:26 manjaroSurf systemd[1]: Starting Flush Journal to Persistent Storage...
Feb 15 15:42:26 manjaroSurf systemd[1]: Started Create Static Device Nodes in /dev.
Feb 15 15:42:26 manjaroSurf systemd[1]: Starting udev Kernel Device Manager...
Feb 15 15:42:26 manjaroSurf systemd-journald[213]: Time spent on flushing to /var is 20.139ms for 631 entries.
Feb 15 15:42:26 manjaroSurf systemd-journald[213]: System journal (/var/log/journal/c835c7fb6fed40fa95b716f817b6ba5d) is 360.1M, max 360.1M, 0B free.
Feb 15 15:42:26 manjaroSurf kernel: usb 1-7: new full-speed USB device number 2 using xhci_hcd
Feb 15 15:42:26 manjaroSurf systemd[1]: Started udev Coldplug all Devices.
Feb 15 15:42:26 manjaroSurf systemd[1]: Started udev Kernel Device Manager.
Feb 15 15:42:26 manjaroSurf systemd[1]: Started Flush Journal to Persistent Storage.
Feb 15 15:42:26 manjaroSurf kernel: Adding 4194300k swap on /swapfile.  Priority:-2 extents:9 across:7905276k SSFS
Feb 15 15:42:26 manjaroSurf systemd[1]: Activated swap /swapfile.
Feb 15 15:42:26 manjaroSurf kernel: rtc_cmos 00:03: RTC can wake from S4
Feb 15 15:42:26 manjaroSurf kernel: tpm_tis IFX0562:00: 2.0 TPM (device-id 0x1A, rev-id 16)
Feb 15 15:42:26 manjaroSurf kernel: rtc_cmos 00:03: registered as rtc0
Feb 15 15:42:26 manjaroSurf kernel: rtc_cmos 00:03: alarms up to one month, y3k, 242 bytes nvram
Feb 15 15:42:26 manjaroSurf kernel: ACPI: AC Adapter [ADP1] (off-line)
Feb 15 15:42:26 manjaroSurf kernel: ACPI: \: failed to evaluate _DSM (0x1001)
Feb 15 15:42:26 manjaroSurf kernel: input: Surface Pro 3/4 Buttons as /devices/LNXSYSTM:00/LNXSYBUS:00/PNP0A08:00/device:19/PNP0C09:00/MSHW0040:00/input/input1
Feb 15 15:42:26 manjaroSurf kernel: surface_pro3_button MSHW0040:00: Surface Pro 3/4 Buttons [VGBI]
Feb 15 15:42:26 manjaroSurf kernel: hidraw: raw HID events driver (C) Jiri Kosina
Feb 15 15:42:26 manjaroSurf kernel: usb 1-7: New USB device found, idVendor=045e, idProduct=07e8, bcdDevice= 2.07
Feb 15 15:42:26 manjaroSurf kernel: usb 1-7: New USB device strings: Mfr=1, Product=2, SerialNumber=0
Feb 15 15:42:26 manjaroSurf kernel: usb 1-7: Product: Surface Type Cover
Feb 15 15:42:26 manjaroSurf kernel: usb 1-7: Manufacturer: Microsoft
Feb 15 15:42:26 manjaroSurf kernel: media: Linux media interface: v0.10
Feb 15 15:42:26 manjaroSurf kernel: intel-lpss 0000:00:15.0: enabling device (0000 -> 0002)
Feb 15 15:42:26 manjaroSurf kernel: idma64 idma64.0: Found Intel integrated DMA 64-bit
Feb 15 15:42:26 manjaroSurf kernel: Linux agpgart interface v0.103
Feb 15 15:42:26 manjaroSurf kernel: mei_me 0000:00:16.0: enabling device (0004 -> 0006)
Feb 15 15:42:26 manjaroSurf kernel: videodev: Linux video capture interface: v2.00
Feb 15 15:42:26 manjaroSurf kernel: mei_me 0000:00:16.4: enabling device (0004 -> 0006)
Feb 15 15:42:26 manjaroSurf kernel: ACPI: Battery Slot [BAT1] (battery present)
Feb 15 15:42:26 manjaroSurf kernel: i2c_hid i2c-MSHW0030:00: i2c-MSHW0030:00 supply vdd not found, using dummy regulator
Feb 15 15:42:26 manjaroSurf kernel: input: PC Speaker as /devices/platform/pcspkr/input/input2
Feb 15 15:42:26 manjaroSurf kernel: ipu3-cio2 0000:00:14.3: enabling device (0000 -> 0002)
Feb 15 15:42:26 manjaroSurf kernel: RAPL PMU: API unit is 2^-32 Joules, 5 fixed counters, 655360 ms ovfl timer
Feb 15 15:42:26 manjaroSurf kernel: RAPL PMU: hw unit of domain pp0-core 2^-14 Joules
Feb 15 15:42:26 manjaroSurf kernel: RAPL PMU: hw unit of domain package 2^-14 Joules
Feb 15 15:42:26 manjaroSurf kernel: RAPL PMU: hw unit of domain dram 2^-14 Joules
Feb 15 15:42:26 manjaroSurf kernel: RAPL PMU: hw unit of domain pp1-gpu 2^-14 Joules
Feb 15 15:42:26 manjaroSurf kernel: RAPL PMU: hw unit of domain psys 2^-14 Joules
Feb 15 15:42:26 manjaroSurf kernel: ipu3-cio2 0000:00:14.3: device 0x9d32 (rev: 0x1)
Feb 15 15:42:26 manjaroSurf kernel: ipu3-cio2 0000:00:14.3: Entity type for entity ipu3-csi2 0 was not initialized!
Feb 15 15:42:26 manjaroSurf kernel: ipu3-cio2 0000:00:14.3: Entity type for entity ipu3-csi2 1 was not initialized!
Feb 15 15:42:26 manjaroSurf kernel: ipu3-cio2 0000:00:14.3: Entity type for entity ipu3-csi2 2 was not initialized!
Feb 15 15:42:26 manjaroSurf kernel: ipu3-cio2 0000:00:14.3: Entity type for entity ipu3-csi2 3 was not initialized!
Feb 15 15:42:26 manjaroSurf systemd[1]: Found device THNSN5256GPU7 TOSHIBA 5.
Feb 15 15:42:26 manjaroSurf kernel: cfg80211: Loading compiled-in X.509 certificates for regulatory database
Feb 15 15:42:26 manjaroSurf kernel: random: crng init done
Feb 15 15:42:26 manjaroSurf kernel: random: 7 urandom warning(s) missed due to ratelimiting
Feb 15 15:42:26 manjaroSurf kernel: cryptd: max_cpu_qlen set to 1000
Feb 15 15:42:26 manjaroSurf kernel: AVX2 version of gcm_enc/dec engaged.
Feb 15 15:42:26 manjaroSurf kernel: AES CTR mode by8 optimization enabled
Feb 15 15:42:26 manjaroSurf kernel: cfg80211: Loaded X.509 cert 'sforshee: 00b28ddf47aef9cea7'
Feb 15 15:42:26 manjaroSurf systemd[1]: Found device THNSN5256GPU7 TOSHIBA SYSTEM.
Feb 15 15:42:26 manjaroSurf systemd[1]: Started Monitoring of LVM2 mirrors, snapshots etc. using dmeventd or progress polling.
Feb 15 15:42:26 manjaroSurf systemd[1]: Reached target Local File Systems (Pre).
Feb 15 15:42:26 manjaroSurf systemd[1]: Mounting /boot...
Feb 15 15:42:26 manjaroSurf systemd[1]: Failed to parse swap priority "defaults,pri=-2", ignoring: Numerical result out of range
Feb 15 15:42:26 manjaroSurf systemd[1]: Activating swap /dev/disk/by-uuid/de26ee8f-a3b7-4b03-b338-5f983e7932da...
Feb 15 15:42:26 manjaroSurf kernel: intel-lpss 0000:00:15.1: enabling device (0000 -> 0002)
Feb 15 15:42:26 manjaroSurf kernel: Adding 2097148k swap on /dev/nvme0n1p5.  Priority:-3 extents:1 across:2097148k SSFS
Feb 15 15:42:26 manjaroSurf kernel: idma64 idma64.1: Found Intel integrated DMA 64-bit
Feb 15 15:42:26 manjaroSurf systemd[1]: Activated swap /dev/disk/by-uuid/de26ee8f-a3b7-4b03-b338-5f983e7932da.
Feb 15 15:42:26 manjaroSurf systemd[1]: Reached target Swap.
Feb 15 15:42:26 manjaroSurf systemd-udevd[247]: link_config: autonegotiation is unset or enabled, the speed and duplex are not writable.
Feb 15 15:42:26 manjaroSurf systemd[1]: Mounting Temporary Directory (/tmp)...
Feb 15 15:42:26 manjaroSurf systemd[1]: Mounted Temporary Directory (/tmp).
Feb 15 15:42:26 manjaroSurf kernel: intel-lpss 0000:00:15.2: enabling device (0000 -> 0002)
Feb 15 15:42:26 manjaroSurf kernel: idma64 idma64.2: Found Intel integrated DMA 64-bit
Feb 15 15:42:26 manjaroSurf systemd[1]: Mounted /boot.
Feb 15 15:42:26 manjaroSurf systemd[1]: Reached target Local File Systems.
Feb 15 15:42:26 manjaroSurf systemd[1]: Starting Create Volatile Files and Directories...
Feb 15 15:42:26 manjaroSurf kernel: snd_hda_intel 0000:00:1f.3: enabling device (0000 -> 0002)
Feb 15 15:42:26 manjaroSurf kernel: intel-lpss 0000:00:15.3: enabling device (0000 -> 0002)
Feb 15 15:42:26 manjaroSurf kernel: idma64 idma64.3: Found Intel integrated DMA 64-bit
Feb 15 15:42:26 manjaroSurf systemd[1]: Started Create Volatile Files and Directories.
Feb 15 15:42:26 manjaroSurf systemd[1]: Starting Update UTMP about System Boot/Shutdown...
Feb 15 15:42:26 manjaroSurf systemd[1]: Starting Entropy Harvesting Daemon...
Feb 15 15:42:26 manjaroSurf systemd[1]: Starting Network Name Resolution...
Feb 15 15:42:26 manjaroSurf sysctl[308]: kernel.random.write_wakeup_threshold = 1024
Feb 15 15:42:26 manjaroSurf mtp-probe[305]: checking bus 1, device 2: "/sys/devices/pci0000:00/0000:00:14.0/usb1/1-7"
Feb 15 15:42:26 manjaroSurf mtp-probe[305]: bus: 1, device: 2 was not an MTP device
Feb 15 15:42:26 manjaroSurf kernel: mwifiex_pcie 0000:02:00.0: enabling device (0000 -> 0002)
Feb 15 15:42:26 manjaroSurf kernel: mwifiex_pcie: try set_consistent_dma_mask(32)
Feb 15 15:42:26 manjaroSurf kernel: mwifiex_pcie: PCI memory map Virt0: 000000002f32fddc PCI memory map Virt2: 00000000dc3deeaa
Feb 15 15:42:26 manjaroSurf systemd[1]: Started Update UTMP about System Boot/Shutdown.
Feb 15 15:42:26 manjaroSurf systemd[1]: Started Entropy Harvesting Daemon.
Feb 15 15:42:26 manjaroSurf systemd[1]: Reached target System Initialization.
Feb 15 15:42:26 manjaroSurf systemd[1]: Listening on Avahi mDNS/DNS-SD Stack Activation Socket.
Feb 15 15:42:26 manjaroSurf systemd[1]: Started Daily rotation of log files.
Feb 15 15:42:26 manjaroSurf systemd[1]: Listening on D-Bus System Message Bus Socket.
Feb 15 15:42:26 manjaroSurf systemd[1]: Reached target Sockets.
Feb 15 15:42:26 manjaroSurf systemd[1]: Started Daily verification of password and group files.
Feb 15 15:42:26 manjaroSurf systemd[1]: Started Daily Cleanup of Temporary Directories.
Feb 15 15:42:26 manjaroSurf systemd[1]: Reached target Timers.
Feb 15 15:42:26 manjaroSurf systemd[1]: Reached target Basic System.
Feb 15 15:42:26 manjaroSurf systemd[1]: Starting Modem Manager...
Feb 15 15:42:26 manjaroSurf systemd[1]: Started Periodic Command Scheduler.
Feb 15 15:42:26 manjaroSurf systemd[1]: Starting Login Service...
Feb 15 15:42:26 manjaroSurf systemd[1]: Started D-Bus System Message Bus.
Feb 15 15:42:26 manjaroSurf crond[316]: (CRON) STARTUP (1.5.2)
Feb 15 15:42:26 manjaroSurf crond[316]: (CRON) INFO (Syslog will be used instead of sendmail.)
Feb 15 15:42:26 manjaroSurf crond[316]: (CRON) INFO (RANDOM_DELAY will be scaled with factor 56% if used.)
Feb 15 15:42:26 manjaroSurf crond[316]: (CRON) INFO (running with inotify support)
Feb 15 15:42:26 manjaroSurf systemd[1]: Starting Network Manager...
Feb 15 15:42:26 manjaroSurf systemd[1]: Starting Avahi mDNS/DNS-SD Stack...
Feb 15 15:42:26 manjaroSurf avahi-daemon[321]: Found user 'avahi' (UID 979) and group 'avahi' (GID 979).
Feb 15 15:42:26 manjaroSurf systemd-logind[317]: New seat seat0.
Feb 15 15:42:26 manjaroSurf dbus-daemon[318]: dbus[318]: Unknown username "systemd-timesync" in message bus configuration file
Feb 15 15:42:26 manjaroSurf systemd-logind[317]: Watching system buttons on /dev/input/event1 (Surface Pro 3/4 Buttons)
Feb 15 15:42:26 manjaroSurf dbus-daemon[318]: dbus[318]: Unknown username "systemd-network" in message bus configuration file
Feb 15 15:42:26 manjaroSurf ModemManager[315]: <info>  ModemManager (version 1.10.0) starting in system bus...
Feb 15 15:42:26 manjaroSurf haveged[313]: haveged: listening socket at 3
Feb 15 15:42:26 manjaroSurf dbus-daemon[318]: [system] Successfully activated service 'org.freedesktop.systemd1'
Feb 15 15:42:26 manjaroSurf systemd[1]: Started Login Service.
Feb 15 15:42:26 manjaroSurf avahi-daemon[321]: Successfully dropped root privileges.
Feb 15 15:42:26 manjaroSurf avahi-daemon[321]: avahi-daemon 0.7 starting up.
Feb 15 15:42:26 manjaroSurf NetworkManager[319]: <info>  [1550241746.9522] NetworkManager (version 1.14.5dev+17+gba83251bb-2) is starting... (for the first time)
Feb 15 15:42:26 manjaroSurf NetworkManager[319]: <info>  [1550241746.9523] Read config: /etc/NetworkManager/NetworkManager.conf (lib: 20-connectivity.conf) (etc: default-wifi-powersave-on.conf)
Feb 15 15:42:26 manjaroSurf systemd[1]: Started Avahi mDNS/DNS-SD Stack.
Feb 15 15:42:26 manjaroSurf systemd-logind[317]: Watching system buttons on /dev/input/event0 (Lid Switch)
Feb 15 15:42:26 manjaroSurf avahi-daemon[321]: Successfully called chroot().
Feb 15 15:42:26 manjaroSurf avahi-daemon[321]: Successfully dropped remaining capabilities.
Feb 15 15:42:26 manjaroSurf avahi-daemon[321]: No service file found in /etc/avahi/services.
Feb 15 15:42:26 manjaroSurf avahi-daemon[321]: Network interface enumeration completed.
Feb 15 15:42:26 manjaroSurf avahi-daemon[321]: Server startup complete. Host name is manjaroSurf.local. Local service cookie is 3352750270.
Feb 15 15:42:26 manjaroSurf systemd[1]: Started Network Manager.
Feb 15 15:42:26 manjaroSurf NetworkManager[319]: <info>  [1550241746.9648] bus-manager: acquired D-Bus service "org.freedesktop.NetworkManager"
Feb 15 15:42:26 manjaroSurf dbus-daemon[318]: [system] Activating via systemd: service name='org.freedesktop.PolicyKit1' unit='polkit.service' requested by ':1.3' (uid=0 pid=315 comm="/usr/bin/ModemManager ")
Feb 15 15:42:26 manjaroSurf systemd[1]: Starting Authorization Manager...
Feb 15 15:42:26 manjaroSurf NetworkManager[319]: <info>  [1550241746.9690] manager[0x55e81b22f080]: monitoring kernel firmware directory '/lib/firmware'.
Feb 15 15:42:26 manjaroSurf dbus-daemon[318]: [system] Activating via systemd: service name='org.freedesktop.hostname1' unit='dbus-org.freedesktop.hostname1.service' requested by ':1.5' (uid=0 pid=319 comm="/usr/bin/NetworkManager --no-daemon ")
Feb 15 15:42:26 manjaroSurf systemd-resolved[309]: Positive Trust Anchors:
Feb 15 15:42:26 manjaroSurf systemd-resolved[309]: . IN DS 19036 8 2 49aac11d7b6f6446702e54a1607371607a1a41855200fd2ce1cdde32f24e8fb5
Feb 15 15:42:26 manjaroSurf systemd-resolved[309]: . IN DS 20326 8 2 e06d44b80b8f1d39a95c0b0d7c65d08458e880409bbc683457104237c7f8ec8d
Feb 15 15:42:26 manjaroSurf systemd-resolved[309]: Negative trust anchors: 10.in-addr.arpa 16.172.in-addr.arpa 17.172.in-addr.arpa 18.172.in-addr.arpa 19.172.in-addr.arpa 20.172.in-addr.arpa 21.172.in-addr.arpa 22.172.in-addr.arpa 23.172.in-addr.arpa 24.172.in-addr.arpa 25.172.in-addr.arpa 26.172.in-addr.arpa 27.172.in-addr.arpa 28.172.in-addr.arpa 29.172.in-addr.arpa 30.172.in-addr.arpa 31.172.in-addr.arpa 168.192.in-addr.arpa d.f.ip6.arpa corp home internal intranet lan local private test
Feb 15 15:42:26 manjaroSurf systemd[1]: Starting Hostname Service...
Feb 15 15:42:26 manjaroSurf systemd-resolved[309]: Using system hostname 'manjaroSurf'.
Feb 15 15:42:26 manjaroSurf systemd[1]: Started Network Name Resolution.
Feb 15 15:42:26 manjaroSurf systemd-resolved[309]: request_name_destroy_callback n_ref=1
Feb 15 15:42:26 manjaroSurf systemd[1]: Reached target Host and Network Name Lookups.
Feb 15 15:42:26 manjaroSurf systemd[1]: Reached target Network.
Feb 15 15:42:26 manjaroSurf systemd[1]: Starting Network Time Service...
Feb 15 15:42:26 manjaroSurf systemd[1]: Starting Permit User Sessions...
Feb 15 15:42:26 manjaroSurf ntpd[336]: ntpd 4.2.8p12@1.3728-o Wed Sep 26 18:50:12 UTC 2018 (1): Starting
Feb 15 15:42:26 manjaroSurf ntpd[336]: Command line: /usr/bin/ntpd -g -u ntp:ntp
Feb 15 15:42:26 manjaroSurf systemd[1]: Started Permit User Sessions.
Feb 15 15:42:26 manjaroSurf systemd[1]: Started Network Time Service.
